
The default interactive shell is now zsh.
To update your account to use zsh, please run `chsh -s /bin/zsh`.
For more details, please visit https://support.apple.com/kb/HT208050.
]0;~/Documents/Payal_Scripts/R/Payal_Blog[?1034h(base) 71rrw33:Payal_Blog pbanerjee$ git status
On branch master
Changes not staged for commit:
  (use "git add <file>..." to update what will be committed)
  (use "git restore <file>..." to discard changes in working directory)
	[31mmodified:   .Rproj.user/3A2820DD/sources/prop/9143E61E[m
	[31mmodified:   .Rproj.user/3A2820DD/sources/prop/A5AE6CA1[m
	[31mmodified:   .Rproj.user/3A2820DD/sources/s-4E9DC893/316E6119[m
	[31mmodified:   .Rproj.user/3A2820DD/sources/s-4E9DC893/316E6119-contents[m
	[31mmodified:   .Rproj.user/3A2820DD/sources/s-4E9DC893/5F4BB4DD[m
	[31mmodified:   _bookdown.yml[m

Untracked files:
  (use "git add <file>..." to include in what will be committed)
	[31m.Rproj.user/3A2820DD/console06/[m

no changes added to commit (use "git add" and/or "git commit -a")
]0;~/Documents/Payal_Scripts/R/Payal_Blog(base) 71rrw33:Payal_Blog pbanerjee$ git ass[K[Kdd _bookdown.yml 
]0;~/Documents/Payal_Scripts/R/Payal_Blog(base) 71rrw33:Payal_Blog pbanerjee$ git add _output.yml 
]0;~/Documents/Payal_Scripts/R/Payal_Blog(base) 71rrw33:Payal_Blog pbanerjee$ git commit -m ""c"h"a"n"g"e"s"[1P"d" "o"u"t"p"u"t" "t"o" "j"u"s"t" "h"t"m"l" "n"[1P"a"n"d" "a"d"d"e"d" "d"o"c"s" "f"o"l"d"e"r"
[master 679d544] changed output to just html and added docs folder
 2 files changed, 2 insertions(+), 7 deletions(-)
]0;~/Documents/Payal_Scripts/R/Payal_Blog(base) 71rrw33:Payal_Blog pbanerjee$ git status
On branch master
Changes not staged for commit:
  (use "git add <file>..." to update what will be committed)
  (use "git restore <file>..." to discard changes in working directory)
	[31mmodified:   .Rproj.user/3A2820DD/sources/prop/9143E61E[m
	[31mmodified:   .Rproj.user/3A2820DD/sources/prop/A5AE6CA1[m
	[31mmodified:   .Rproj.user/3A2820DD/sources/s-4E9DC893/316E6119[m
	[31mmodified:   .Rproj.user/3A2820DD/sources/s-4E9DC893/316E6119-contents[m
	[31mmodified:   .Rproj.user/3A2820DD/sources/s-4E9DC893/5F4BB4DD[m
	[31mmodified:   .Rproj.user/3A2820DD/sources/s-4E9DC893/5F4BB4DD-contents[m

Untracked files:
  (use "git add <file>..." to include in what will be committed)
	[31m.Rproj.user/3A2820DD/console06/[m
	[31m_bookdown_files/[m
	[31mdocs/[m
	[31mpackages.bib[m

no changes added to commit (use "git add" and/or "git commit -a")
]0;~/Documents/Payal_Scripts/R/Payal_Blog(base) 71rrw33:Payal_Blog pbanerjee$ git add .do[K[K[Kdocs/
]0;~/Documents/Payal_Scripts/R/Payal_Blog(base) 71rrw33:Payal_Blog pbanerjee$ git commit -m ""a"s"[1P"[1P"A"d"d" "t"h"e" "[1P"[1P"[1P"[1P"[1P"e"d" "t"h"e" "d"o"c"s" "f"o"l"d"e"r" "c"r"e"a"t"e"d" "d"u"r"i"n"g" "B"u"i"l"s"[1P"d"
[master 5ff3b95] Added the docs folder created during Build
 31 files changed, 3540 insertions(+)
 create mode 100644 docs/Payal_Blog_files/figure-html/nice-fig-1.png
 create mode 100644 docs/applications.html
 create mode 100644 docs/final-words.html
 create mode 100644 docs/index.html
 create mode 100644 docs/intro.html
 create mode 100644 docs/libs/anchor-sections-1.0/anchor-sections.css
 create mode 100644 docs/libs/anchor-sections-1.0/anchor-sections.js
 create mode 100644 docs/libs/gitbook-2.6.7/css/fontawesome/fontawesome-webfont.ttf
 create mode 100644 docs/libs/gitbook-2.6.7/css/plugin-bookdown.css
 create mode 100644 docs/libs/gitbook-2.6.7/css/plugin-clipboard.css
 create mode 100644 docs/libs/gitbook-2.6.7/css/plugin-fontsettings.css
 create mode 100644 docs/libs/gitbook-2.6.7/css/plugin-highlight.css
 create mode 100644 docs/libs/gitbook-2.6.7/css/plugin-search.css
 create mode 100644 docs/libs/gitbook-2.6.7/css/plugin-table.css
 create mode 100644 docs/libs/gitbook-2.6.7/css/style.css
 create mode 100644 docs/libs/gitbook-2.6.7/js/app.min.js
 create mode 100644 docs/libs/gitbook-2.6.7/js/clipboard.min.js
 create mode 100644 docs/libs/gitbook-2.6.7/js/jquery.highlight.js
 create mode 100644 docs/libs/gitbook-2.6.7/js/lunr.js
 create mode 100644 docs/libs/gitbook-2.6.7/js/plugin-bookdown.js
 create mode 100644 docs/libs/gitbook-2.6.7/js/plugin-clipboard.js
 create mode 100644 docs/libs/gitbook-2.6.7/js/plugin-fontsettings.js
 create mode 100644 docs/libs/gitbook-2.6.7/js/plugin-search.js
 create mode 100644 docs/libs/gitbook-2.6.7/js/plugin-sharing.js
 create mode 100644 docs/libs/jquery-2.2.3/jquery.min.js
 create mode 100644 docs/literature.html
 create mode 100644 docs/methods.html
 create mode 100644 docs/reference-keys.txt
 create mode 100644 docs/references.html
 create mode 100644 docs/search_index.json
 create mode 100644 docs/style.css
]0;~/Documents/Payal_Scripts/R/Payal_Blog(base) 71rrw33:Payal_Blog pbanerjee$ git remote add origin https://github.com/pbpayal/memoirs_of_bioinformatician.git
]0;~/Documents/Payal_Scripts/R/Payal_Blog(base) 71rrw33:Payal_Blog pbanerjee$ git branch -M main
]0;~/Documents/Payal_Scripts/R/Payal_Blog(base) 71rrw33:Payal_Blog pbanerjee$ git push -u origin main[K[K[K[K[K main
remote: Invalid username or password.
fatal: Authentication failed for 'https://github.com/pbpayal/memoirs_of_bioinformatician.git/'
]0;~/Documents/Payal_Scripts/R/Payal_Blog(base) 71rrw33:Payal_Blog pbanerjee$ git push -u origin main[5Pbranch -M[C[C[C[C[Cremote add origin https://github.com/pbpayal/memoirs_of_bioinformatician.git
fatal: remote origin already exists.
]0;~/Documents/Payal_Scripts/R/Payal_Blog(base) 71rrw33:Payal_Blog pbanerjee$ git remote add origin https://github.com/pbpayal/memoirs_of_bioinformatician.git[C[C[C[C[C[C[C[C[C[C[C[C[C[C[C[C[C[C[C[C[C[C[C[C[C[C[C[C[C[C[C[C[C[C[C[C[C[C[C[C[Cpush -u origin main[K
error: cannot run rpostback-askpass: No such file or directory
Username for 'https://github.com': pbpayal
error: cannot run rpostback-askpass: No such file or directory
Password for 'https://pbpayal@github.com': 
remote: Invalid username or password.
fatal: Authentication failed for 'https://github.com/pbpayal/memoirs_of_bioinformatician.git/'
]0;~/Documents/Payal_Scripts/R/Payal_Blog(base) 71rrw33:Payal_Blog pbanerjee$ git push -u origin main
error: cannot run rpostback-askpass: No such file or directory
Username for 'https://github.com': pbpayal
error: cannot run rpostback-askpass: No such file or directory
Password for 'https://pbpayal@github.com': 
Enumerating objects: 77, done.
Counting objects:   1% (1/77)Counting objects:   2% (2/77)Counting objects:   3% (3/77)Counting objects:   5% (4/77)Counting objects:   6% (5/77)Counting objects:   7% (6/77)Counting objects:   9% (7/77)Counting objects:  10% (8/77)Counting objects:  11% (9/77)Counting objects:  12% (10/77)Counting objects:  14% (11/77)Counting objects:  15% (12/77)Counting objects:  16% (13/77)Counting objects:  18% (14/77)Counting objects:  19% (15/77)Counting objects:  20% (16/77)Counting objects:  22% (17/77)Counting objects:  23% (18/77)Counting objects:  24% (19/77)Counting objects:  25% (20/77)Counting objects:  27% (21/77)Counting objects:  28% (22/77)Counting objects:  29% (23/77)Counting objects:  31% (24/77)Counting objects:  32% (25/77)Counting objects:  33% (26/77)Counting objects:  35% (27/77)Counting objects:  36% (28/77)Counting objects:  37% (29/77)Counting objects:  38% (30/77)Counting objects:  40% (31/77)Counting objects:  41% (32/77)Counting objects:  42% (33/77)Counting objects:  44% (34/77)Counting objects:  45% (35/77)Counting objects:  46% (36/77)Counting objects:  48% (37/77)Counting objects:  49% (38/77)Counting objects:  50% (39/77)Counting objects:  51% (40/77)Counting objects:  53% (41/77)Counting objects:  54% (42/77)Counting objects:  55% (43/77)Counting objects:  57% (44/77)Counting objects:  58% (45/77)Counting objects:  59% (46/77)Counting objects:  61% (47/77)Counting objects:  62% (48/77)Counting objects:  63% (49/77)Counting objects:  64% (50/77)Counting objects:  66% (51/77)Counting objects:  67% (52/77)Counting objects:  68% (53/77)Counting objects:  70% (54/77)Counting objects:  71% (55/77)Counting objects:  72% (56/77)Counting objects:  74% (57/77)Counting objects:  75% (58/77)Counting objects:  76% (59/77)Counting objects:  77% (60/77)Counting objects:  79% (61/77)Counting objects:  80% (62/77)Counting objects:  81% (63/77)Counting objects:  83% (64/77)Counting objects:  84% (65/77)Counting objects:  85% (66/77)Counting objects:  87% (67/77)Counting objects:  88% (68/77)Counting objects:  89% (69/77)Counting objects:  90% (70/77)Counting objects:  92% (71/77)Counting objects:  93% (72/77)Counting objects:  94% (73/77)Counting objects:  96% (74/77)Counting objects:  97% (75/77)Counting objects:  98% (76/77)Counting objects: 100% (77/77)Counting objects: 100% (77/77), done.
Delta compression using up to 8 threads
Compressing objects:   1% (1/68)Compressing objects:   2% (2/68)Compressing objects:   4% (3/68)Compressing objects:   5% (4/68)Compressing objects:   7% (5/68)Compressing objects:   8% (6/68)Compressing objects:  10% (7/68)Compressing objects:  11% (8/68)Compressing objects:  13% (9/68)Compressing objects:  14% (10/68)Compressing objects:  16% (11/68)Compressing objects:  17% (12/68)Compressing objects:  19% (13/68)Compressing objects:  20% (14/68)Compressing objects:  22% (15/68)Compressing objects:  23% (16/68)Compressing objects:  25% (17/68)Compressing objects:  26% (18/68)Compressing objects:  27% (19/68)Compressing objects:  29% (20/68)Compressing objects:  30% (21/68)Compressing objects:  32% (22/68)Compressing objects:  33% (23/68)Compressing objects:  35% (24/68)Compressing objects:  36% (25/68)Compressing objects:  38% (26/68)Compressing objects:  39% (27/68)Compressing objects:  41% (28/68)Compressing objects:  42% (29/68)Compressing objects:  44% (30/68)Compressing objects:  45% (31/68)Compressing objects:  47% (32/68)Compressing objects:  48% (33/68)Compressing objects:  50% (34/68)Compressing objects:  51% (35/68)Compressing objects:  52% (36/68)Compressing objects:  54% (37/68)Compressing objects:  55% (38/68)Compressing objects:  57% (39/68)Compressing objects:  58% (40/68)Compressing objects:  60% (41/68)Compressing objects:  61% (42/68)Compressing objects:  63% (43/68)Compressing objects:  64% (44/68)Compressing objects:  66% (45/68)Compressing objects:  67% (46/68)Compressing objects:  69% (47/68)Compressing objects:  70% (48/68)Compressing objects:  72% (49/68)Compressing objects:  73% (50/68)Compressing objects:  75% (51/68)Compressing objects:  76% (52/68)Compressing objects:  77% (53/68)Compressing objects:  79% (54/68)Compressing objects:  80% (55/68)Compressing objects:  82% (56/68)Compressing objects:  83% (57/68)Compressing objects:  85% (58/68)Compressing objects:  86% (59/68)Compressing objects:  88% (60/68)Compressing objects:  89% (61/68)Compressing objects:  91% (62/68)Compressing objects:  92% (63/68)Compressing objects:  94% (64/68)Compressing objects:  95% (65/68)Compressing objects:  97% (66/68)Compressing objects:  98% (67/68)Compressing objects: 100% (68/68)Compressing objects: 100% (68/68), done.
Writing objects:   1% (1/77)Writing objects:   2% (2/77)Writing objects:   3% (3/77)Writing objects:   5% (4/77)Writing objects:   6% (5/77)Writing objects:   7% (6/77)Writing objects:   9% (7/77)Writing objects:  10% (8/77)Writing objects:  11% (9/77)Writing objects:  12% (10/77)Writing objects:  14% (11/77)Writing objects:  16% (13/77)Writing objects:  18% (14/77)Writing objects:  19% (15/77)Writing objects:  20% (16/77)Writing objects:  22% (17/77)Writing objects:  23% (18/77)Writing objects:  24% (19/77)Writing objects:  25% (20/77)Writing objects:  27% (21/77)Writing objects:  28% (22/77)Writing objects:  29% (23/77)Writing objects:  31% (24/77)Writing objects:  32% (25/77)Writing objects:  33% (26/77)Writing objects:  35% (27/77)Writing objects:  36% (28/77)Writing objects:  37% (29/77)Writing objects:  38% (30/77)Writing objects:  40% (31/77)Writing objects:  41% (32/77)Writing objects:  42% (33/77)Writing objects:  44% (34/77)Writing objects:  45% (35/77)Writing objects:  46% (36/77)Writing objects:  48% (37/77)Writing objects:  50% (39/77)Writing objects:  51% (40/77)Writing objects:  53% (41/77)Writing objects:  54% (42/77)Writing objects:  55% (43/77)Writing objects:  57% (44/77)Writing objects:  58% (45/77)Writing objects:  59% (46/77)Writing objects:  61% (47/77)Writing objects:  62% (48/77)Writing objects:  63% (49/77)Writing objects:  64% (50/77)Writing objects:  66% (51/77)Writing objects:  67% (52/77)Writing objects:  68% (53/77)Writing objects:  70% (54/77)Writing objects:  71% (55/77)Writing objects:  72% (56/77)Writing objects:  74% (57/77)Writing objects:  75% (58/77)Writing objects:  76% (59/77)Writing objects:  77% (60/77)Writing objects:  79% (61/77)Writing objects:  80% (62/77)Writing objects:  81% (63/77)Writing objects:  83% (64/77)Writing objects:  84% (65/77)Writing objects:  85% (66/77)Writing objects:  87% (67/77)Writing objects:  88% (68/77)Writing objects:  89% (69/77)Writing objects:  90% (70/77)Writing objects:  92% (71/77)Writing objects:  93% (72/77)Writing objects:  94% (73/77)Writing objects:  96% (74/77)Writing objects:  97% (75/77)Writing objects:  98% (76/77)Writing objects: 100% (77/77)Writing objects: 100% (77/77), 256.92 KiB | 2.23 MiB/s, done.
Total 77 (delta 12), reused 0 (delta 0)
remote: Resolving deltas:   0% (0/12)[Kremote: Resolving deltas:  16% (2/12)[Kremote: Resolving deltas:  41% (5/12)[Kremote: Resolving deltas:  91% (11/12)[Kremote: Resolving deltas: 100% (12/12)[Kremote: Resolving deltas: 100% (12/12), done.[K
To https://github.com/pbpayal/memoirs_of_bioinformatician.git
 * [new branch]      main -> main
Branch 'main' set up to track remote branch 'main' from 'origin'.
]0;~/Documents/Payal_Scripts/R/Payal_Blog(base) 71rrw33:Payal_Blog pbanerjee$ git push -u origin mainremote add origin https://github.com/pbpayal/memoirs_of_bioinformatician.git[C[C[C[C[C[C[C[C[C[C[C[C[C[C[C[C[C[C[C[C[C[C[C[C[C[C[C[C[C[C[C[C[C[C[C[C[C[C[C[C[Cpush -u origin main[Kremote add origin https://github.com/pbpayal/memoirs_of_bioinformatician.git[C[C[C[C[C[C[C[C[C[C[C[C[C[C[C[C[C[C[C[C[C[C[C[C[C[C[C[C[C[C[C[C[C[C[C[C[C[C[C[C[Cpush -u origin main[K[5Pbranch -M[C[C[C[C[C[5@push -u origin[C[C[C[C[C
Branch 'main' set up to track remote branch 'main' from 'origin'.
Everything up-to-date
]0;~/Documents/Payal_Scripts/R/Payal_Blog(base) 71rrw33:Payal_Blog pbanerjee$ gt[Kit status
On branch main
Your branch is up to date with 'origin/main'.

Changes not staged for commit:
  (use "git add <file>..." to update what will be committed)
  (use "git restore <file>..." to discard changes in working directory)
	[31mmodified:   .Rproj.user/3A2820DD/sources/prop/60E74976[m
	[31mmodified:   .Rproj.user/3A2820DD/sources/prop/9143E61E[m
	[31mmodified:   .Rproj.user/3A2820DD/sources/prop/A5AE6CA1[m
	[31mmodified:   .Rproj.user/3A2820DD/sources/prop/INDEX[m
	[31mmodified:   .Rproj.user/3A2820DD/sources/s-4E9DC893/316E6119[m
	[31mmodified:   .Rproj.user/3A2820DD/sources/s-4E9DC893/316E6119-contents[m
	[31mmodified:   .Rproj.user/3A2820DD/sources/s-4E9DC893/5B0F72BB[m
	[31mmodified:   .Rproj.user/3A2820DD/sources/s-4E9DC893/5B0F72BB-contents[m
	[31mmodified:   .Rproj.user/3A2820DD/sources/s-4E9DC893/5F4BB4DD[m
	[31mmodified:   .Rproj.user/3A2820DD/sources/s-4E9DC893/5F4BB4DD-contents[m
	[31mmodified:   .Rproj.user/shared/notebooks/paths[m
	[31mmodified:   index.Rmd[m

Untracked files:
  (use "git add <file>..." to include in what will be committed)
	[31m.Rproj.user/3A2820DD/console06/[m
	[31m.Rproj.user/3A2820DD/sources/prop/393F68B4[m
	[31m.Rproj.user/3A2820DD/sources/prop/DD2100DE[m
	[31m.Rproj.user/3A2820DD/sources/prop/F2E823DA[m
	[31m.Rproj.user/3A2820DD/sources/s-4E9DC893/1C4EB6F8-contents[m
	[31m.Rproj.user/3A2820DD/sources/s-4E9DC893/5A982B07-contents[m
	[31m.Rproj.user/3A2820DD/sources/s-4E9DC893/BE341C85[m
	[31m.Rproj.user/3A2820DD/sources/s-4E9DC893/BE341C85-contents[m
	[31m.Rproj.user/3A2820DD/sources/s-4E9DC893/E2F300A-contents[m
	[31m.Rproj.user/shared/notebooks/97B699FD-index/[m
	[31m_bookdown_files/[m
	[31mpackages.bib[m

no changes added to commit (use "git add" and/or "git commit -a")
]0;~/Documents/Payal_Scripts/R/Payal_Blog(base) 71rrw33:Payal_Blog pbanerjee$ git ass[K[Kdd index.Rmd 
]0;~/Documents/Payal_Scripts/R/Payal_Blog(base) 71rrw33:Payal_Blog pbanerjee$ git commiy[Kt -m ""E"d"i"t"e"d" "t"h"e" "i"n"d"e"x"."m"d" "p"a"g"e" "t"o" "m"y" "i"n"t"r"o"d"u"c"t"i"o"n" "p"a"h"[1P"g"e"
[main e5db0d3] Edited the index.md page to my introduction page
 1 file changed, 48 insertions(+), 34 deletions(-)
 rewrite index.Rmd (85%)
]0;~/Documents/Payal_Scripts/R/Payal_Blog(base) 71rrw33:Payal_Blog pbanerjee$ git push 
Enumerating objects: 5, done.
Counting objects:  20% (1/5)Counting objects:  40% (2/5)Counting objects:  60% (3/5)Counting objects:  80% (4/5)Counting objects: 100% (5/5)Counting objects: 100% (5/5), done.
Delta compression using up to 8 threads
Compressing objects:  33% (1/3)Compressing objects:  66% (2/3)Compressing objects: 100% (3/3)Compressing objects: 100% (3/3), done.
Writing objects:  33% (1/3)Writing objects:  66% (2/3)Writing objects: 100% (3/3)Writing objects: 100% (3/3), 1.60 KiB | 1.60 MiB/s, done.
Total 3 (delta 1), reused 0 (delta 0)
remote: Resolving deltas:   0% (0/1)[Kremote: Resolving deltas: 100% (1/1)[Kremote: Resolving deltas: 100% (1/1), completed with 1 local object.[K
To https://github.com/pbpayal/memoirs_of_bioinformatician.git
   5ff3b95..e5db0d3  main -> main
]0;~/Documents/Payal_Scripts/R/Payal_Blog(base) 71rrw33:Payal_Blog pbanerjee$ pwd
/Users/pbanerjee/Documents/Payal_Scripts/R/Payal_Blog
]0;~/Documents/Payal_Scripts/R/Payal_Blog(base) 71rrw33:Payal_Blog pbanerjee$ ls -lh
total 120
-rw-r--r--   1 pbanerjee  staff    52B Dec  9 12:54 02-literature.Rmd
-rw-r--r--   1 pbanerjee  staff    52B Dec  9 12:54 03-method.Rmd
-rw-r--r--   1 pbanerjee  staff   114B Dec  9 12:54 04-application.Rmd
-rw-r--r--   1 pbanerjee  staff    45B Dec  9 12:54 05-summary.Rmd
-rw-r--r--   1 pbanerjee  staff    54B Dec  9 12:54 06-references.Rmd
-rw-r--r--   1 pbanerjee  staff   225B Dec  9 12:54 Payal_Blog.Rproj
-rw-r--r--   1 pbanerjee  staff   215B Dec  9 12:54 README.md
-rw-r--r--   1 pbanerjee  staff   1.1K Dec  9 15:18 RNA-seq_FDA_becnhmark_pipelines.Rmd
-rw-r--r--   1 pbanerjee  staff   117B Dec  9 13:59 _bookdown.yml
drwxr-xr-x   3 pbanerjee  staff    96B Dec  9 15:17 _bookdown_files
-rw-r--r--   1 pbanerjee  staff   307B Dec  9 15:02 _output.yml
-rw-r--r--   1 pbanerjee  staff   267B Dec  9 12:54 book.bib
drwxr-xr-x  14 pbanerjee  staff   448B Dec  9 15:17 docs
-rw-r--r--   1 pbanerjee  staff   2.4K Dec  9 15:04 index.Rmd
-rw-r--r--   1 pbanerjee  staff   2.6K Dec  9 13:35 packages.bib
-rw-r--r--   1 pbanerjee  staff    22B Dec  9 12:54 preamble.tex
-rw-r--r--   1 pbanerjee  staff   172B Dec  9 12:54 style.css
]0;~/Documents/Payal_Scripts/R/Payal_Blog(base) 71rrw33:Payal_Blog pbanerjee$ mkdir images
]0;~/Documents/Payal_Scripts/R/Payal_Blog(base) 71rrw33:Payal_Blog pbanerjee$ ls -lh
total 120
-rw-r--r--   1 pbanerjee  staff    52B Dec  9 12:54 02-literature.Rmd
-rw-r--r--   1 pbanerjee  staff    52B Dec  9 12:54 03-method.Rmd
-rw-r--r--   1 pbanerjee  staff   114B Dec  9 12:54 04-application.Rmd
-rw-r--r--   1 pbanerjee  staff    45B Dec  9 12:54 05-summary.Rmd
-rw-r--r--   1 pbanerjee  staff    54B Dec  9 12:54 06-references.Rmd
-rw-r--r--   1 pbanerjee  staff   225B Dec  9 12:54 Payal_Blog.Rproj
-rw-r--r--   1 pbanerjee  staff   215B Dec  9 12:54 README.md
-rw-r--r--   1 pbanerjee  staff   1.1K Dec  9 15:18 RNA-seq_FDA_becnhmark_pipelines.Rmd
-rw-r--r--   1 pbanerjee  staff   117B Dec  9 13:59 _bookdown.yml
drwxr-xr-x   3 pbanerjee  staff    96B Dec  9 15:17 _bookdown_files
-rw-r--r--   1 pbanerjee  staff   307B Dec  9 15:02 _output.yml
-rw-r--r--   1 pbanerjee  staff   267B Dec  9 12:54 book.bib
drwxr-xr-x  14 pbanerjee  staff   448B Dec  9 15:17 docs
drwxr-xr-x   2 pbanerjee  staff    64B Dec  9 15:21 images
-rw-r--r--   1 pbanerjee  staff   2.4K Dec  9 15:04 index.Rmd
-rw-r--r--   1 pbanerjee  staff   2.6K Dec  9 13:35 packages.bib
-rw-r--r--   1 pbanerjee  staff    22B Dec  9 12:54 preamble.tex
-rw-r--r--   1 pbanerjee  staff   172B Dec  9 12:54 style.css
]0;~/Documents/Payal_Scripts/R/Payal_Blog(base) 71rrw33:Payal_Blog pbanerjee$ cd images
]0;~/Documents/Payal_Scripts/R/Payal_Blog/images(base) 71rrw33:images pbanerjee$ ls
rna1.png	rna2.png
]0;~/Documents/Payal_Scripts/R/Payal_Blog/images(base) 71rrw33:images pbanerjee$ git status
On branch main
Your branch is up to date with 'origin/main'.

Changes not staged for commit:
  (use "git add/rm <file>..." to update what will be committed)
  (use "git restore <file>..." to discard changes in working directory)
	[31mmodified:   ../.Rproj.user/3A2820DD/sources/prop/60E74976[m
	[31mmodified:   ../.Rproj.user/3A2820DD/sources/prop/9143E61E[m
	[31mmodified:   ../.Rproj.user/3A2820DD/sources/prop/A5AE6CA1[m
	[31mmodified:   ../.Rproj.user/3A2820DD/sources/prop/INDEX[m
	[31mmodified:   ../.Rproj.user/3A2820DD/sources/s-4E9DC893/316E6119[m
	[31mmodified:   ../.Rproj.user/3A2820DD/sources/s-4E9DC893/316E6119-contents[m
	[31mmodified:   ../.Rproj.user/3A2820DD/sources/s-4E9DC893/5B0F72BB[m
	[31mmodified:   ../.Rproj.user/3A2820DD/sources/s-4E9DC893/5B0F72BB-contents[m
	[31mmodified:   ../.Rproj.user/3A2820DD/sources/s-4E9DC893/5F4BB4DD[m
	[31mmodified:   ../.Rproj.user/3A2820DD/sources/s-4E9DC893/5F4BB4DD-contents[m
	[31mmodified:   ../.Rproj.user/shared/notebooks/paths[m
	[31mdeleted:    ../01-intro.Rmd[m
	[31mmodified:   ../_output.yml[m
	[31mmodified:   ../docs/applications.html[m
	[31mmodified:   ../docs/final-words.html[m
	[31mmodified:   ../docs/index.html[m
	[31mmodified:   ../docs/intro.html[m
	[31mmodified:   ../docs/literature.html[m
	[31mmodified:   ../docs/methods.html[m
	[31mmodified:   ../docs/reference-keys.txt[m
	[31mmodified:   ../docs/references.html[m
	[31mmodified:   ../docs/search_index.json[m
	[31mmodified:   ../index.Rmd[m

Untracked files:
  (use "git add <file>..." to include in what will be committed)
	[31m../.DS_Store[m
	[31m../.Rproj.user/3A2820DD/console06/[m
	[31m../.Rproj.user/3A2820DD/sources/prop/2A5FCB6[m
	[31m../.Rproj.user/3A2820DD/sources/prop/393F68B4[m
	[31m../.Rproj.user/3A2820DD/sources/prop/3CA15088[m
	[31m../.Rproj.user/3A2820DD/sources/prop/8F9EB2B6[m
	[31m../.Rproj.user/3A2820DD/sources/prop/DD2100DE[m
	[31m../.Rproj.user/3A2820DD/sources/prop/F2E823DA[m
	[31m../.Rproj.user/3A2820DD/sources/s-4E9DC893/16BBAC62-contents[m
	[31m../.Rproj.user/3A2820DD/sources/s-4E9DC893/1C4EB6F8-contents[m
	[31m../.Rproj.user/3A2820DD/sources/s-4E9DC893/5A982B07-contents[m
	[31m../.Rproj.user/3A2820DD/sources/s-4E9DC893/BE341C85[m
	[31m../.Rproj.user/3A2820DD/sources/s-4E9DC893/BE341C85-contents[m
	[31m../.Rproj.user/3A2820DD/sources/s-4E9DC893/E2F300A-contents[m
	[31m../.Rproj.user/shared/notebooks/97B699FD-index/[m
	[31m../.Rproj.user/shared/notebooks/F2BD9602-RNA-seq_FDA_becnhmark_pipelines/[m
	[31m../RNA-seq_FDA_becnhmark_pipelines.Rmd[m
	[31m../_bookdown_files/[m
	[31m../docs/images/[m
	[31m../docs/rna-fda.html[m
	[31m./[m
	[31m../packages.bib[m

no changes added to commit (use "git add" and/or "git commit -a")
]0;~/Documents/Payal_Scripts/R/Payal_Blog/images(base) 71rrw33:images pbanerjee$ git commi [Kt -a
hint: Waiting for your editor to close the file... [KAborting commit due to empty commit message.
]0;~/Documents/Payal_Scripts/R/Payal_Blog/images(base) 71rrw33:images pbanerjee$ git commit -a[1P -a[1P -a[1P -a[1P -a[1P -a[1P -aa -ad -ad -a
error: unknown switch `a'
usage: git add [<options>] [--] <pathspec>...

    -n, --dry-run         dry run
    -v, --verbose         be verbose

    -i, --interactive     interactive picking
    -p, --patch           select hunks interactively
    -e, --edit            edit current diff and apply
    -f, --force           allow adding otherwise ignored files
    -u, --update          update tracked files
    --renormalize         renormalize EOL of tracked files (implies -u)
    -N, --intent-to-add   record only the fact that the path will be added later
    -A, --all             add changes from all tracked and untracked files
    --ignore-removal      ignore paths removed in the working tree (same as --no-all)
    --refresh             don't add, only refresh the index
    --ignore-errors       just skip files which cannot be added because of errors
    --ignore-missing      check if - even missing - files are ignored in dry run
    --chmod (+|-)x        override the executable bit of the listed files

]0;~/Documents/Payal_Scripts/R/Payal_Blog/images(base) 71rrw33:images pbanerjee$ git add -A
]0;~/Documents/Payal_Scripts/R/Payal_Blog/images(base) 71rrw33:images pbanerjee$ git commit -m ""e"[1P"A"[1P"E"d"i"t"e"d" "t"h"e" "i"n"t"o"p"[1P" "p"a"g"e" "t"o" "R"N"A" "F"D"A" "p"a"p"e"r"
[main 7f7c5c9] Edited the into page to RNA FDA paper
 64 files changed, 1346 insertions(+), 706 deletions(-)
 create mode 100644 .DS_Store
 create mode 100644 .Rproj.user/3A2820DD/console06/E6C74381
 create mode 100644 .Rproj.user/3A2820DD/console06/E6C74381.env
 create mode 100644 .Rproj.user/3A2820DD/console06/INDEX001
 create mode 100644 .Rproj.user/3A2820DD/sources/prop/2A5FCB6
 create mode 100644 .Rproj.user/3A2820DD/sources/prop/393F68B4
 create mode 100644 .Rproj.user/3A2820DD/sources/prop/3CA15088
 create mode 100644 .Rproj.user/3A2820DD/sources/prop/8F9EB2B6
 create mode 100644 .Rproj.user/3A2820DD/sources/prop/DD2100DE
 create mode 100644 .Rproj.user/3A2820DD/sources/prop/F2E823DA
 create mode 100644 .Rproj.user/3A2820DD/sources/s-4E9DC893/16BBAC62-contents
 rename 01-intro.Rmd => .Rproj.user/3A2820DD/sources/s-4E9DC893/1C4EB6F8-contents (100%)
 create mode 100644 .Rproj.user/3A2820DD/sources/s-4E9DC893/5A982B07-contents
 rewrite .Rproj.user/3A2820DD/sources/s-4E9DC893/5B0F72BB-contents (85%)
 rewrite .Rproj.user/3A2820DD/sources/s-4E9DC893/5F4BB4DD-contents (73%)
 create mode 100644 .Rproj.user/3A2820DD/sources/s-4E9DC893/BE341C85
 create mode 100644 .Rproj.user/3A2820DD/sources/s-4E9DC893/BE341C85-contents
 copy docs/index.html => .Rproj.user/3A2820DD/sources/s-4E9DC893/E2F300A-contents (100%)
 create mode 100644 .Rproj.user/shared/notebooks/97B699FD-index/1/3A2820DD4E9DC893/chunks.json
 create mode 100644 .Rproj.user/shared/notebooks/97B699FD-index/1/s/chunks.json
 create mode 100644 .Rproj.user/shared/notebooks/F2BD9602-RNA-seq_FDA_becnhmark_pipelines/1/3A2820DD4E9DC893/chunks.json
 create mode 100644 .Rproj.user/shared/notebooks/F2BD9602-RNA-seq_FDA_becnhmark_pipelines/1/s/c6wjoxpyah4th/000002.csv
 create mode 100644 .Rproj.user/shared/notebooks/F2BD9602-RNA-seq_FDA_becnhmark_pipelines/1/s/c6wjoxpyah4th/000003.metadata
 create mode 100644 .Rproj.user/shared/notebooks/F2BD9602-RNA-seq_FDA_becnhmark_pipelines/1/s/c6wjoxpyah4th/000003.png
 create mode 100644 .Rproj.user/shared/notebooks/F2BD9602-RNA-seq_FDA_becnhmark_pipelines/1/s/chunks.json
 create mode 100644 RNA-seq_FDA_becnhmark_pipelines.Rmd
 create mode 100644 _bookdown_files/Payal_Blog_files/figure-html/nice-fig-1.png
 create mode 100644 docs/images/benchmark_datasets.png
 create mode 100644 docs/images/mapping_tools.png
 create mode 100644 docs/images/pipeline_selection_strategy.png
 create mode 100644 docs/images/pipeline_tools.png
 create mode 100644 docs/images/quantification_tools.png
 create mode 100644 docs/images/rna1.png
 create mode 100644 docs/images/rna2.png
 rewrite docs/index.html (60%)
 create mode 100644 docs/rna-fda.html
 rewrite docs/search_index.json (100%)
 create mode 100644 images/benchmark_datasets.png
 create mode 100644 images/mapping_tools.png
 create mode 100644 images/normalization_methods.png
 create mode 100644 images/pipeline_selection_strategy.png
 create mode 100644 images/pipeline_tools.png
 create mode 100644 images/quantification_tools.png
 create mode 100644 images/rna1.png
 create mode 100644 images/rna2.png
 create mode 100644 packages.bib
]0;~/Documents/Payal_Scripts/R/Payal_Blog/images(base) 71rrw33:images pbanerjee$ git push
Enumerating objects: 92, done.
Counting objects:   1% (1/90)Counting objects:   2% (2/90)Counting objects:   3% (3/90)Counting objects:   4% (4/90)Counting objects:   5% (5/90)Counting objects:   6% (6/90)Counting objects:   7% (7/90)Counting objects:   8% (8/90)Counting objects:  10% (9/90)Counting objects:  11% (10/90)Counting objects:  12% (11/90)Counting objects:  13% (12/90)Counting objects:  14% (13/90)Counting objects:  15% (14/90)Counting objects:  16% (15/90)Counting objects:  17% (16/90)Counting objects:  18% (17/90)Counting objects:  20% (18/90)Counting objects:  21% (19/90)Counting objects:  22% (20/90)Counting objects:  23% (21/90)Counting objects:  24% (22/90)Counting objects:  25% (23/90)Counting objects:  26% (24/90)Counting objects:  27% (25/90)Counting objects:  28% (26/90)Counting objects:  30% (27/90)Counting objects:  31% (28/90)Counting objects:  32% (29/90)Counting objects:  33% (30/90)Counting objects:  34% (31/90)Counting objects:  35% (32/90)Counting objects:  36% (33/90)Counting objects:  37% (34/90)Counting objects:  38% (35/90)Counting objects:  40% (36/90)Counting objects:  41% (37/90)Counting objects:  42% (38/90)Counting objects:  43% (39/90)Counting objects:  44% (40/90)Counting objects:  45% (41/90)Counting objects:  46% (42/90)Counting objects:  47% (43/90)Counting objects:  48% (44/90)Counting objects:  50% (45/90)Counting objects:  51% (46/90)Counting objects:  52% (47/90)Counting objects:  53% (48/90)Counting objects:  54% (49/90)Counting objects:  55% (50/90)Counting objects:  56% (51/90)Counting objects:  57% (52/90)Counting objects:  58% (53/90)Counting objects:  60% (54/90)Counting objects:  61% (55/90)Counting objects:  62% (56/90)Counting objects:  63% (57/90)Counting objects:  64% (58/90)Counting objects:  65% (59/90)Counting objects:  66% (60/90)Counting objects:  67% (61/90)Counting objects:  68% (62/90)Counting objects:  70% (63/90)Counting objects:  71% (64/90)Counting objects:  72% (65/90)Counting objects:  73% (66/90)Counting objects:  74% (67/90)Counting objects:  75% (68/90)Counting objects:  76% (69/90)Counting objects:  77% (70/90)Counting objects:  78% (71/90)Counting objects:  80% (72/90)Counting objects:  81% (73/90)Counting objects:  82% (74/90)Counting objects:  83% (75/90)Counting objects:  84% (76/90)Counting objects:  85% (77/90)Counting objects:  86% (78/90)Counting objects:  87% (79/90)Counting objects:  88% (80/90)Counting objects:  90% (81/90)Counting objects:  91% (82/90)Counting objects:  92% (83/90)Counting objects:  93% (84/90)Counting objects:  94% (85/90)Counting objects:  95% (86/90)Counting objects:  96% (87/90)Counting objects:  97% (88/90)Counting objects:  98% (89/90)Counting objects: 100% (90/90)Counting objects: 100% (90/90), done.
Delta compression using up to 8 threads
Compressing objects:   1% (1/58)Compressing objects:   3% (2/58)Compressing objects:   5% (3/58)Compressing objects:   6% (4/58)Compressing objects:   8% (5/58)Compressing objects:  10% (6/58)Compressing objects:  12% (7/58)Compressing objects:  13% (8/58)Compressing objects:  15% (9/58)Compressing objects:  17% (10/58)Compressing objects:  18% (11/58)Compressing objects:  20% (12/58)Compressing objects:  22% (13/58)Compressing objects:  24% (14/58)Compressing objects:  25% (15/58)Compressing objects:  27% (16/58)Compressing objects:  29% (17/58)Compressing objects:  31% (18/58)Compressing objects:  32% (19/58)Compressing objects:  34% (20/58)Compressing objects:  36% (21/58)Compressing objects:  37% (22/58)Compressing objects:  39% (23/58)Compressing objects:  41% (24/58)Compressing objects:  43% (25/58)Compressing objects:  44% (26/58)Compressing objects:  46% (27/58)Compressing objects:  48% (28/58)Compressing objects:  50% (29/58)Compressing objects:  51% (30/58)Compressing objects:  53% (31/58)Compressing objects:  55% (32/58)Compressing objects:  56% (33/58)Compressing objects:  58% (34/58)Compressing objects:  60% (35/58)Compressing objects:  62% (36/58)Compressing objects:  63% (37/58)Compressing objects:  65% (38/58)Compressing objects:  67% (39/58)Compressing objects:  68% (40/58)Compressing objects:  70% (41/58)Compressing objects:  72% (42/58)Compressing objects:  74% (43/58)Compressing objects:  75% (44/58)Compressing objects:  77% (45/58)Compressing objects:  79% (46/58)Compressing objects:  81% (47/58)Compressing objects:  82% (48/58)Compressing objects:  84% (49/58)Compressing objects:  86% (50/58)Compressing objects:  87% (51/58)Compressing objects:  89% (52/58)Compressing objects:  91% (53/58)Compressing objects:  93% (54/58)Compressing objects:  94% (55/58)Compressing objects:  96% (56/58)Compressing objects:  98% (57/58)Compressing objects: 100% (58/58)Compressing objects: 100% (58/58), done.
Writing objects:   1% (1/64)Writing objects:   3% (2/64)Writing objects:   4% (3/64)Writing objects:   6% (4/64)Writing objects:   7% (5/64)Writing objects:   9% (6/64)Writing objects:  10% (7/64)Writing objects:  12% (8/64)Writing objects:  14% (9/64)Writing objects:  15% (10/64)Writing objects:  17% (11/64)Writing objects:  18% (12/64)Writing objects:  20% (13/64)Writing objects:  21% (14/64)Writing objects:  23% (15/64)Writing objects:  25% (16/64)Writing objects:  26% (17/64)Writing objects:  28% (18/64)Writing objects:  29% (19/64)Writing objects:  31% (20/64)Writing objects:  32% (21/64)Writing objects:  34% (22/64)Writing objects:  35% (23/64)Writing objects:  37% (24/64)Writing objects:  39% (25/64)Writing objects:  40% (26/64)Writing objects:  42% (27/64)Writing objects:  43% (28/64)Writing objects:  45% (29/64)Writing objects:  46% (30/64)Writing objects:  48% (31/64)Writing objects:  50% (32/64)Writing objects:  51% (33/64)Writing objects:  53% (34/64)Writing objects:  54% (35/64)Writing objects:  56% (36/64)Writing objects:  57% (37/64)Writing objects:  59% (38/64)Writing objects:  60% (39/64)Writing objects:  62% (40/64)Writing objects:  64% (41/64)Writing objects:  65% (42/64)Writing objects:  67% (43/64)Writing objects:  70% (45/64)Writing objects:  71% (46/64)Writing objects:  73% (47/64)Writing objects:  75% (48/64)Writing objects:  76% (49/64)Writing objects:  78% (50/64)Writing objects:  79% (51/64)Writing objects:  81% (52/64)Writing objects:  82% (53/64)Writing objects:  84% (54/64)Writing objects:  85% (55/64)Writing objects:  87% (56/64)Writing objects:  89% (57/64)Writing objects:  90% (58/64)Writing objects:  92% (59/64)Writing objects:  93% (60/64)Writing objects:  95% (61/64)Writing objects:  96% (62/64)Writing objects:  98% (63/64)Writing objects: 100% (64/64)Writing objects: 100% (64/64), 1.99 MiB | 4.61 MiB/s, done.
Total 64 (delta 12), reused 0 (delta 0)
remote: Resolving deltas:   0% (0/12)[Kremote: Resolving deltas:  33% (4/12)[Kremote: Resolving deltas:  41% (5/12)[Kremote: Resolving deltas:  50% (6/12)[Kremote: Resolving deltas:  58% (7/12)[Kremote: Resolving deltas:  66% (8/12)[Kremote: Resolving deltas:  75% (9/12)[Kremote: Resolving deltas:  83% (10/12)[Kremote: Resolving deltas: 100% (12/12)[Kremote: Resolving deltas: 100% (12/12), completed with 6 local objects.[K
To https://github.com/pbpayal/memoirs_of_bioinformatician.git
   e5db0d3..7f7c5c9  main -> main
]0;~/Documents/Payal_Scripts/R/Payal_Blog/images(base) 71rrw33:images pbanerjee$ [K(base) 71rrw33:images pbanerjee$ [K(base) 71rrw33:images pbanerjee$ pwd
/Users/pbanerjee/Documents/Payal_Scripts/R/Payal_Blog/images
]0;~/Documents/Payal_Scripts/R/Payal_Blog/images(base) 71rrw33:images pbanerjee$ cd ..
]0;~/Documents/Payal_Scripts/R/Payal_Blog(base) 71rrw33:Payal_Blog pbanerjee$ git ad [Kd -A
]0;~/Documents/Payal_Scripts/R/Payal_Blog(base) 71rrw33:Payal_Blog pbanerjee$ git commit -m ""a"d"d"[1P"[1P"[1P"A"d"d"d"[1P"[1P"[1P"[1P"E"d"i"t"e"d" "t"h"e" "A"b"o"u"t" "m"e" "p"a"g"e"
[main 18e7237] Edited the About me page
 29 files changed, 302 insertions(+), 252 deletions(-)
 rewrite .Rproj.user/3A2820DD/console06/INDEX001 (73%)
 create mode 100644 .Rproj.user/3A2820DD/sources/prop/53BE3148
 rewrite .Rproj.user/3A2820DD/sources/s-4E9DC893/5B0F72BB-contents (84%)
 create mode 100644 .Rproj.user/3A2820DD/sources/s-4E9DC893/CB197E4C
 create mode 100644 .Rproj.user/3A2820DD/sources/s-4E9DC893/CB197E4C-contents
 create mode 100644 docs/images/education.png
 create mode 100644 docs/images/publications.png
 create mode 100644 docs/images/tech_expertise.png
 rewrite docs/search_index.json (98%)
 create mode 100644 images/.DS_Store
 create mode 100644 images/education.png
 create mode 100644 images/publications.png
 create mode 100644 images/tech_expertise.png
 rewrite index.Rmd (84%)
 create mode 100644 resume_tables.R
]0;~/Documents/Payal_Scripts/R/Payal_Blog(base) 71rrw33:Payal_Blog pbanerjee$ git push
Enumerating objects: 70, done.
Counting objects:   1% (1/70)Counting objects:   2% (2/70)Counting objects:   4% (3/70)Counting objects:   5% (4/70)Counting objects:   7% (5/70)Counting objects:   8% (6/70)Counting objects:  10% (7/70)Counting objects:  11% (8/70)Counting objects:  12% (9/70)Counting objects:  14% (10/70)Counting objects:  15% (11/70)Counting objects:  17% (12/70)Counting objects:  18% (13/70)Counting objects:  20% (14/70)Counting objects:  21% (15/70)Counting objects:  22% (16/70)Counting objects:  24% (17/70)Counting objects:  25% (18/70)Counting objects:  27% (19/70)Counting objects:  28% (20/70)Counting objects:  30% (21/70)Counting objects:  31% (22/70)Counting objects:  32% (23/70)Counting objects:  34% (24/70)Counting objects:  35% (25/70)Counting objects:  37% (26/70)Counting objects:  38% (27/70)Counting objects:  40% (28/70)Counting objects:  41% (29/70)Counting objects:  42% (30/70)Counting objects:  44% (31/70)Counting objects:  45% (32/70)Counting objects:  47% (33/70)Counting objects:  48% (34/70)Counting objects:  50% (35/70)Counting objects:  51% (36/70)Counting objects:  52% (37/70)Counting objects:  54% (38/70)Counting objects:  55% (39/70)Counting objects:  57% (40/70)Counting objects:  58% (41/70)Counting objects:  60% (42/70)Counting objects:  61% (43/70)Counting objects:  62% (44/70)Counting objects:  64% (45/70)Counting objects:  65% (46/70)Counting objects:  67% (47/70)Counting objects:  68% (48/70)Counting objects:  70% (49/70)Counting objects:  71% (50/70)Counting objects:  72% (51/70)Counting objects:  74% (52/70)Counting objects:  75% (53/70)Counting objects:  77% (54/70)Counting objects:  78% (55/70)Counting objects:  80% (56/70)Counting objects:  81% (57/70)Counting objects:  82% (58/70)Counting objects:  84% (59/70)Counting objects:  85% (60/70)Counting objects:  87% (61/70)Counting objects:  88% (62/70)Counting objects:  90% (63/70)Counting objects:  91% (64/70)Counting objects:  92% (65/70)Counting objects:  94% (66/70)Counting objects:  95% (67/70)Counting objects:  97% (68/70)Counting objects:  98% (69/70)Counting objects: 100% (70/70)Counting objects: 100% (70/70), done.
Delta compression using up to 8 threads
Compressing objects:   2% (1/36)Compressing objects:   5% (2/36)Compressing objects:   8% (3/36)Compressing objects:  11% (4/36)Compressing objects:  13% (5/36)Compressing objects:  16% (6/36)Compressing objects:  19% (7/36)Compressing objects:  22% (8/36)Compressing objects:  25% (9/36)Compressing objects:  27% (10/36)Compressing objects:  30% (11/36)Compressing objects:  33% (12/36)Compressing objects:  36% (13/36)Compressing objects:  38% (14/36)Compressing objects:  41% (15/36)Compressing objects:  44% (16/36)Compressing objects:  47% (17/36)Compressing objects:  50% (18/36)Compressing objects:  52% (19/36)Compressing objects:  55% (20/36)Compressing objects:  58% (21/36)Compressing objects:  61% (22/36)Compressing objects:  63% (23/36)Compressing objects:  66% (24/36)Compressing objects:  69% (25/36)Compressing objects:  72% (26/36)Compressing objects:  75% (27/36)Compressing objects:  77% (28/36)Compressing objects:  80% (29/36)Compressing objects:  83% (30/36)Compressing objects:  86% (31/36)Compressing objects:  88% (32/36)Compressing objects:  91% (33/36)Compressing objects:  94% (34/36)Compressing objects:  97% (35/36)Compressing objects: 100% (36/36)Compressing objects: 100% (36/36), done.
Writing objects:   2% (1/39)Writing objects:   5% (2/39)Writing objects:   7% (3/39)Writing objects:  10% (4/39)Writing objects:  12% (5/39)Writing objects:  15% (6/39)Writing objects:  17% (7/39)Writing objects:  20% (8/39)Writing objects:  23% (9/39)Writing objects:  25% (10/39)Writing objects:  28% (11/39)Writing objects:  30% (12/39)Writing objects:  33% (13/39)Writing objects:  35% (14/39)Writing objects:  38% (15/39)Writing objects:  41% (16/39)Writing objects:  43% (17/39)Writing objects:  46% (18/39)Writing objects:  48% (19/39)Writing objects:  51% (20/39)Writing objects:  53% (21/39)Writing objects:  56% (22/39)Writing objects:  58% (23/39)Writing objects:  61% (24/39)Writing objects:  64% (25/39)Writing objects:  66% (26/39)Writing objects:  69% (27/39)Writing objects:  71% (28/39)Writing objects:  74% (29/39)Writing objects:  76% (30/39)Writing objects:  79% (31/39)Writing objects:  82% (32/39)Writing objects:  84% (33/39)Writing objects:  87% (34/39)Writing objects:  89% (35/39)Writing objects:  92% (36/39)Writing objects:  94% (37/39)Writing objects:  97% (38/39)Writing objects: 100% (39/39)Writing objects: 100% (39/39), 162.42 KiB | 2.95 MiB/s, done.
Total 39 (delta 21), reused 0 (delta 0)
remote: Resolving deltas:   0% (0/21)[Kremote: Resolving deltas:   4% (1/21)[Kremote: Resolving deltas:   9% (2/21)[Kremote: Resolving deltas:  14% (3/21)[Kremote: Resolving deltas:  19% (4/21)[Kremote: Resolving deltas:  23% (5/21)[Kremote: Resolving deltas:  28% (6/21)[Kremote: Resolving deltas:  38% (8/21)[Kremote: Resolving deltas:  42% (9/21)[Kremote: Resolving deltas:  47% (10/21)[Kremote: Resolving deltas:  52% (11/21)[Kremote: Resolving deltas:  57% (12/21)[Kremote: Resolving deltas:  61% (13/21)[Kremote: Resolving deltas:  71% (15/21)[Kremote: Resolving deltas:  76% (16/21)[Kremote: Resolving deltas:  80% (17/21)[Kremote: Resolving deltas:  85% (18/21)[Kremote: Resolving deltas:  90% (19/21)[Kremote: Resolving deltas:  95% (20/21)[Kremote: Resolving deltas: 100% (21/21)[Kremote: Resolving deltas: 100% (21/21), completed with 19 local objects.[K
To https://github.com/pbpayal/memoirs_of_bioinformatician.git
   7f7c5c9..18e7237  main -> main
]0;~/Documents/Payal_Scripts/R/Payal_Blog(base) 71rrw33:Payal_Blog pbanerjee$ git status
On branch main
Your branch is up to date with 'origin/main'.

Changes not staged for commit:
  (use "git add <file>..." to update what will be committed)
  (use "git restore <file>..." to discard changes in working directory)
	[31mmodified:   .Rproj.user/3A2820DD/console06/E6C74381[m
	[31mmodified:   .Rproj.user/3A2820DD/console06/E6C74381.env[m

no changes added to commit (use "git add" and/or "git commit -a")
]0;~/Documents/Payal_Scripts/R/Payal_Blog(base) 71rrw33:Payal_Blog pbanerjee$ git add[K[K[Kstatus
On branch main
Your branch is up to date with 'origin/main'.

Changes not staged for commit:
  (use "git add/rm <file>..." to update what will be committed)
  (use "git restore <file>..." to discard changes in working directory)
	[31mmodified:   .Rproj.user/3A2820DD/console06/E6C74381[m
	[31mmodified:   .Rproj.user/3A2820DD/console06/E6C74381.env[m
	[31mmodified:   .Rproj.user/3A2820DD/sources/prop/60E74976[m
	[31mmodified:   .Rproj.user/3A2820DD/sources/prop/INDEX[m
	[31mmodified:   .Rproj.user/3A2820DD/sources/s-4E9DC893/5B0F72BB[m
	[31mdeleted:    .Rproj.user/3A2820DD/sources/s-4E9DC893/CB197E4C[m
	[31mmodified:   .Rproj.user/shared/notebooks/paths[m
	[31mdeleted:    02-literature.Rmd[m
	[31mdeleted:    03-method.Rmd[m
	[31mdeleted:    04-application.Rmd[m
	[31mdeleted:    05-summary.Rmd[m
	[31mdeleted:    06-references.Rmd[m
	[31mmodified:   docs/index.html[m
	[31mmodified:   docs/reference-keys.txt[m
	[31mmodified:   docs/rna-fda.html[m
	[31mmodified:   docs/search_index.json[m

Untracked files:
  (use "git add <file>..." to include in what will be committed)
	[31m.Rproj.user/3A2820DD/sources/prop/1F019E9[m
	[31m.Rproj.user/3A2820DD/sources/s-4E9DC893/F6A1FC71[m
	[31m.Rproj.user/3A2820DD/sources/s-4E9DC893/F6A1FC71-contents[m
	[31m.Rproj.user/shared/notebooks/6F8CAEBC-cool_bioinfo_databases/[m
	[31mcool_bioinfo_databases.Rmd[m
	[31mdocs/bioinformatics-databases.html[m

no changes added to commit (use "git add" and/or "git commit -a")
]0;~/Documents/Payal_Scripts/R/Payal_Blog(base) 71rrw33:Payal_Blog pbanerjee$ git add -A
]0;~/Documents/Payal_Scripts/R/Payal_Blog(base) 71rrw33:Payal_Blog pbanerjee$ git commit -m ""A"d"d"e"d" "t"e"[1P"h"e" "d"a"t"a"b"a"s"e"s" "p"a"g"e" "a"n"d" "r"e"m"o"v"e"d" "a"l"l" "t"h"e" "o"t"h"e"r" "e"x"t"r"a" "p"a"g"e"s" [A[C[C[C[C[C[C[C[C[C[C[C[C[C[C[C[C[C[C[C[C[C[C[C[C[C[C[C[C[C[C[C[C[C[C[C[C[C[C[C[C[C[C[C[C[C[C[C[C[C[C[C[C[C[C[C[C[C[C[C[C[C[C[C[C[C[C[C[C[C[C[C[C[C[C[C[C[C[C[C[C[C[C[C[C[C[C[C[C[C[C[C[C[C[C[C[C[C[C[C[C[C[C[C[C[C[C[C[C[C[C[C[C[C

[main d80d15a] Added the databases page and removed all the other extra pages
 23 files changed, 429 insertions(+), 80 deletions(-)
 create mode 100644 .Rproj.user/3A2820DD/sources/prop/1F019E9
 delete mode 100644 .Rproj.user/3A2820DD/sources/s-4E9DC893/CB197E4C
 create mode 100644 .Rproj.user/3A2820DD/sources/s-4E9DC893/F6A1FC71
 create mode 100644 .Rproj.user/3A2820DD/sources/s-4E9DC893/F6A1FC71-contents
 create mode 100644 .Rproj.user/shared/notebooks/6F8CAEBC-cool_bioinfo_databases/1/3A2820DD4E9DC893/chunks.json
 create mode 100644 .Rproj.user/shared/notebooks/6F8CAEBC-cool_bioinfo_databases/1/s/chunks.json
 delete mode 100644 02-literature.Rmd
 delete mode 100644 03-method.Rmd
 delete mode 100644 04-application.Rmd
 delete mode 100644 05-summary.Rmd
 delete mode 100644 06-references.Rmd
 create mode 100644 cool_bioinfo_databases.Rmd
 create mode 100644 docs/bioinformatics-databases.html
 rewrite docs/search_index.json (94%)
]0;~/Documents/Payal_Scripts/R/Payal_Blog(base) 71rrw33:Payal_Blog pbanerjee$ git push
Enumerating objects: 49, done.
Counting objects:   2% (1/49)Counting objects:   4% (2/49)Counting objects:   6% (3/49)Counting objects:   8% (4/49)Counting objects:  10% (5/49)Counting objects:  12% (6/49)Counting objects:  14% (7/49)Counting objects:  16% (8/49)Counting objects:  18% (9/49)Counting objects:  20% (10/49)Counting objects:  22% (11/49)Counting objects:  24% (12/49)Counting objects:  26% (13/49)Counting objects:  28% (14/49)Counting objects:  30% (15/49)Counting objects:  32% (16/49)Counting objects:  34% (17/49)Counting objects:  36% (18/49)Counting objects:  38% (19/49)Counting objects:  40% (20/49)Counting objects:  42% (21/49)Counting objects:  44% (22/49)Counting objects:  46% (23/49)Counting objects:  48% (24/49)Counting objects:  51% (25/49)Counting objects:  53% (26/49)Counting objects:  55% (27/49)Counting objects:  57% (28/49)Counting objects:  59% (29/49)Counting objects:  61% (30/49)Counting objects:  63% (31/49)Counting objects:  65% (32/49)Counting objects:  67% (33/49)Counting objects:  69% (34/49)Counting objects:  71% (35/49)Counting objects:  73% (36/49)Counting objects:  75% (37/49)Counting objects:  77% (38/49)Counting objects:  79% (39/49)Counting objects:  81% (40/49)Counting objects:  83% (41/49)Counting objects:  85% (42/49)Counting objects:  87% (43/49)Counting objects:  89% (44/49)Counting objects:  91% (45/49)Counting objects:  93% (46/49)Counting objects:  95% (47/49)Counting objects:  97% (48/49)Counting objects: 100% (49/49)Counting objects: 100% (49/49), done.
Delta compression using up to 8 threads
Compressing objects:   4% (1/25)Compressing objects:   8% (2/25)Compressing objects:  12% (3/25)Compressing objects:  16% (4/25)Compressing objects:  20% (5/25)Compressing objects:  24% (6/25)Compressing objects:  28% (7/25)Compressing objects:  32% (8/25)Compressing objects:  36% (9/25)Compressing objects:  40% (10/25)Compressing objects:  44% (11/25)Compressing objects:  48% (12/25)Compressing objects:  52% (13/25)Compressing objects:  56% (14/25)Compressing objects:  60% (15/25)Compressing objects:  64% (16/25)Compressing objects:  68% (17/25)Compressing objects:  72% (18/25)Compressing objects:  76% (19/25)Compressing objects:  80% (20/25)Compressing objects:  84% (21/25)Compressing objects:  88% (22/25)Compressing objects:  92% (23/25)Compressing objects:  96% (24/25)Compressing objects: 100% (25/25)Compressing objects: 100% (25/25), done.
Writing objects:   3% (1/29)Writing objects:   6% (2/29)Writing objects:  10% (3/29)Writing objects:  13% (4/29)Writing objects:  17% (5/29)Writing objects:  20% (6/29)Writing objects:  24% (7/29)Writing objects:  27% (8/29)Writing objects:  31% (9/29)Writing objects:  34% (10/29)Writing objects:  37% (11/29)Writing objects:  41% (12/29)Writing objects:  44% (13/29)Writing objects:  48% (14/29)Writing objects:  51% (15/29)Writing objects:  55% (16/29)Writing objects:  58% (17/29)Writing objects:  62% (18/29)Writing objects:  65% (19/29)Writing objects:  68% (20/29)Writing objects:  72% (21/29)Writing objects:  75% (22/29)Writing objects:  79% (23/29)Writing objects:  82% (24/29)Writing objects:  89% (26/29)Writing objects:  93% (27/29)Writing objects:  96% (28/29)Writing objects: 100% (29/29)Writing objects: 100% (29/29), 6.32 KiB | 124.00 KiB/s, done.
Total 29 (delta 16), reused 0 (delta 0)
remote: Resolving deltas:   0% (0/16)[Kremote: Resolving deltas:   6% (1/16)[Kremote: Resolving deltas:  12% (2/16)[Kremote: Resolving deltas:  18% (3/16)[Kremote: Resolving deltas:  25% (4/16)[Kremote: Resolving deltas:  31% (5/16)[Kremote: Resolving deltas:  37% (6/16)[Kremote: Resolving deltas:  43% (7/16)[Kremote: Resolving deltas:  56% (9/16)[Kremote: Resolving deltas:  62% (10/16)[Kremote: Resolving deltas:  68% (11/16)[Kremote: Resolving deltas:  75% (12/16)[Kremote: Resolving deltas:  87% (14/16)[Kremote: Resolving deltas:  93% (15/16)[Kremote: Resolving deltas: 100% (16/16)[Kremote: Resolving deltas: 100% (16/16), completed with 14 local objects.[K
To https://github.com/pbpayal/memoirs_of_bioinformatician.git
   18e7237..d80d15a  main -> main
]0;~/Documents/Payal_Scripts/R/Payal_Blog(base) 71rrw33:Payal_Blog pbanerjee$ pwd
/Users/pbanerjee/Documents/Payal_Scripts/R/Payal_Blog
]0;~/Documents/Payal_Scripts/R/Payal_Blog(base) 71rrw33:Payal_Blog pbanerjee$ git status
On branch main
Your branch is up to date with 'origin/main'.

Changes not staged for commit:
  (use "git add/rm <file>..." to update what will be committed)
  (use "git restore <file>..." to discard changes in working directory)
	[31mmodified:   .DS_Store[m
	[31mmodified:   .Rproj.user/3A2820DD/console06/E6C74381[m
	[31mmodified:   .Rproj.user/3A2820DD/sources/prop/1F019E9[m
	[31mmodified:   .Rproj.user/3A2820DD/sources/prop/INDEX[m
	[31mdeleted:    .Rproj.user/3A2820DD/sources/s-4E9DC893/BE341C85[m
	[31mmodified:   .Rproj.user/3A2820DD/sources/s-4E9DC893/F6A1FC71[m
	[31mmodified:   .Rproj.user/3A2820DD/sources/s-4E9DC893/F6A1FC71-contents[m
	[31mdeleted:    .Rproj.user/shared/notebooks/F2BD9602-RNA-seq_FDA_becnhmark_pipelines/1/3A2820DD4E9DC893/chunks.json[m
	[31mmodified:   .Rproj.user/shared/notebooks/paths[m
	[31mmodified:   cool_bioinfo_databases.Rmd[m
	[31mmodified:   docs/bioinformatics-databases.html[m
	[31mmodified:   docs/index.html[m
	[31mmodified:   docs/reference-keys.txt[m
	[31mmodified:   docs/rna-fda.html[m
	[31mmodified:   docs/search_index.json[m

Untracked files:
  (use "git add <file>..." to include in what will be committed)
	[31m.Rproj.user/3A2820DD/sources/prop/5249F2C7[m
	[31m.Rproj.user/3A2820DD/sources/prop/9DE49211[m
	[31m.Rproj.user/3A2820DD/sources/s-4E9DC893/95CF3F20[m
	[31m.Rproj.user/3A2820DD/sources/s-4E9DC893/95CF3F20-contents[m
	[31m.Rproj.user/shared/notebooks/56F34C96-downstream_analysis/[m
	[31m.Rproj.user/shared/notebooks/AB9D33C-rnaseq_downstream_analysis/[m
	[31mdocs/what-to-do-with-significant-differentially-expressed-genelist-1.html[m
	[31mdocs/what-to-do-with-significant-differentially-expressed-genelist.html[m
	[31mdownstream_analysis.Rmd[m

no changes added to commit (use "git add" and/or "git commit -a")
]0;~/Documents/Payal_Scripts/R/Payal_Blog(base) 71rrw33:Payal_Blog pbanerjee$ git add -A
]0;~/Documents/Payal_Scripts/R/Payal_Blog(base) 71rrw33:Payal_Blog pbanerjee$ git commit -m ""A"d"d"e"d" "D"o"e"[1P"w"n"s"t"r"e"a"m" "a"n"a"l"y"s"i"s" "p"a"g"e" "a"n"d" "a"s"s"[1P"[1P"d"d"e"d" "a" "n"e"w" "d"a"t"a"b"a"s"e" "t"o" "S"i"n" [A[C[C[C[C[C[C[C[C[C[C[C[C[C[C[C[C[C[C[C[C[C[C[C[C[C[C[C[C[C[C[C[C[C[C[C[C[C[C[C[C[C[C[C[C[C[C[C[C[C[C[C[C[C[C[C[C[C[C[C[C[C[C[C[C[C[C[C[C[C[C[C[C[C[C[C[C[C[C[C[C[C[C[C[C[C[C[C[C[C[C[C[C[C[C[C[C[C[C[C[C[C[C[C[C[C[C[C[C[C[C[C[C[Cg""l"e" "c"e"l"l" "p"a"g"e"[1P"[1P"[1P"[1P"t"a"b"l"e"
[main 7dcfe04] Added Downstream analysis page and added a new database to Single cell table
 26 files changed, 1039 insertions(+), 49 deletions(-)
 create mode 100644 .Rproj.user/3A2820DD/sources/prop/5249F2C7
 create mode 100644 .Rproj.user/3A2820DD/sources/prop/9DE49211
 create mode 100644 .Rproj.user/3A2820DD/sources/s-4E9DC893/95CF3F20
 create mode 100644 .Rproj.user/3A2820DD/sources/s-4E9DC893/95CF3F20-contents
 delete mode 100644 .Rproj.user/3A2820DD/sources/s-4E9DC893/BE341C85
 create mode 100644 .Rproj.user/shared/notebooks/56F34C96-downstream_analysis/1/3A2820DD4E9DC893/chunks.json
 create mode 100644 .Rproj.user/shared/notebooks/56F34C96-downstream_analysis/1/s/chunks.json
 create mode 100644 .Rproj.user/shared/notebooks/AB9D33C-rnaseq_downstream_analysis/1/3A2820DD4E9DC893/chunks.json
 create mode 100644 .Rproj.user/shared/notebooks/AB9D33C-rnaseq_downstream_analysis/1/s/chunks.json
 delete mode 100644 .Rproj.user/shared/notebooks/F2BD9602-RNA-seq_FDA_becnhmark_pipelines/1/3A2820DD4E9DC893/chunks.json
 rewrite docs/search_index.json (78%)
 create mode 100644 docs/what-to-do-with-significant-differentially-expressed-genelist-1.html
 create mode 100644 docs/what-to-do-with-significant-differentially-expressed-genelist.html
 create mode 100644 downstream_analysis.Rmd
]0;~/Documents/Payal_Scripts/R/Payal_Blog(base) 71rrw33:Payal_Blog pbanerjee$ git push
Enumerating objects: 63, done.
Counting objects:   1% (1/63)Counting objects:   3% (2/63)Counting objects:   4% (3/63)Counting objects:   6% (4/63)Counting objects:   7% (5/63)Counting objects:   9% (6/63)Counting objects:  11% (7/63)Counting objects:  12% (8/63)Counting objects:  14% (9/63)Counting objects:  15% (10/63)Counting objects:  17% (11/63)Counting objects:  19% (12/63)Counting objects:  20% (13/63)Counting objects:  22% (14/63)Counting objects:  23% (15/63)Counting objects:  25% (16/63)Counting objects:  26% (17/63)Counting objects:  28% (18/63)Counting objects:  30% (19/63)Counting objects:  31% (20/63)Counting objects:  33% (21/63)Counting objects:  34% (22/63)Counting objects:  36% (23/63)Counting objects:  38% (24/63)Counting objects:  39% (25/63)Counting objects:  41% (26/63)Counting objects:  42% (27/63)Counting objects:  44% (28/63)Counting objects:  46% (29/63)Counting objects:  47% (30/63)Counting objects:  49% (31/63)Counting objects:  50% (32/63)Counting objects:  52% (33/63)Counting objects:  53% (34/63)Counting objects:  55% (35/63)Counting objects:  57% (36/63)Counting objects:  58% (37/63)Counting objects:  60% (38/63)Counting objects:  61% (39/63)Counting objects:  63% (40/63)Counting objects:  65% (41/63)Counting objects:  66% (42/63)Counting objects:  68% (43/63)Counting objects:  69% (44/63)Counting objects:  71% (45/63)Counting objects:  73% (46/63)Counting objects:  74% (47/63)Counting objects:  76% (48/63)Counting objects:  77% (49/63)Counting objects:  79% (50/63)Counting objects:  80% (51/63)Counting objects:  82% (52/63)Counting objects:  84% (53/63)Counting objects:  85% (54/63)Counting objects:  87% (55/63)Counting objects:  88% (56/63)Counting objects:  90% (57/63)Counting objects:  92% (58/63)Counting objects:  93% (59/63)Counting objects:  95% (60/63)Counting objects:  96% (61/63)Counting objects:  98% (62/63)Counting objects: 100% (63/63)Counting objects: 100% (63/63), done.
Delta compression using up to 8 threads
Compressing objects:   3% (1/32)Compressing objects:   6% (2/32)Compressing objects:   9% (3/32)Compressing objects:  12% (4/32)Compressing objects:  15% (5/32)Compressing objects:  18% (6/32)Compressing objects:  21% (7/32)Compressing objects:  25% (8/32)Compressing objects:  28% (9/32)Compressing objects:  31% (10/32)Compressing objects:  34% (11/32)Compressing objects:  37% (12/32)Compressing objects:  40% (13/32)Compressing objects:  43% (14/32)Compressing objects:  46% (15/32)Compressing objects:  50% (16/32)Compressing objects:  53% (17/32)Compressing objects:  56% (18/32)Compressing objects:  59% (19/32)Compressing objects:  62% (20/32)Compressing objects:  65% (21/32)Compressing objects:  68% (22/32)Compressing objects:  71% (23/32)Compressing objects:  75% (24/32)Compressing objects:  78% (25/32)Compressing objects:  81% (26/32)Compressing objects:  84% (27/32)Compressing objects:  87% (28/32)Compressing objects:  90% (29/32)Compressing objects:  93% (30/32)Compressing objects:  96% (31/32)Compressing objects: 100% (32/32)Compressing objects: 100% (32/32), done.
Writing objects:   2% (1/39)Writing objects:   5% (2/39)Writing objects:   7% (3/39)Writing objects:  10% (4/39)Writing objects:  12% (5/39)Writing objects:  15% (6/39)Writing objects:  17% (7/39)Writing objects:  20% (8/39)Writing objects:  23% (9/39)Writing objects:  25% (10/39)Writing objects:  28% (11/39)Writing objects:  30% (12/39)Writing objects:  33% (13/39)Writing objects:  35% (14/39)Writing objects:  38% (15/39)Writing objects:  41% (16/39)Writing objects:  43% (17/39)Writing objects:  46% (18/39)Writing objects:  48% (19/39)Writing objects:  51% (20/39)Writing objects:  53% (21/39)Writing objects:  56% (22/39)Writing objects:  58% (23/39)Writing objects:  61% (24/39)Writing objects:  64% (25/39)Writing objects:  66% (26/39)Writing objects:  69% (27/39)Writing objects:  71% (28/39)Writing objects:  74% (29/39)Writing objects:  76% (30/39)Writing objects:  79% (31/39)Writing objects:  82% (32/39)Writing objects:  87% (34/39)Writing objects:  89% (35/39)Writing objects:  92% (36/39)Writing objects:  94% (37/39)Writing objects:  97% (38/39)Writing objects: 100% (39/39)Writing objects: 100% (39/39), 16.13 KiB | 305.00 KiB/s, done.
Total 39 (delta 15), reused 0 (delta 0)
remote: Resolving deltas:   0% (0/15)[Kremote: Resolving deltas:   6% (1/15)[Kremote: Resolving deltas:  20% (3/15)[Kremote: Resolving deltas:  26% (4/15)[Kremote: Resolving deltas:  33% (5/15)[Kremote: Resolving deltas:  40% (6/15)[Kremote: Resolving deltas:  46% (7/15)[Kremote: Resolving deltas:  53% (8/15)[Kremote: Resolving deltas:  60% (9/15)[Kremote: Resolving deltas:  66% (10/15)[Kremote: Resolving deltas:  73% (11/15)[Kremote: Resolving deltas:  80% (12/15)[Kremote: Resolving deltas:  86% (13/15)[Kremote: Resolving deltas:  93% (14/15)[Kremote: Resolving deltas: 100% (15/15)[Kremote: Resolving deltas: 100% (15/15), completed with 12 local objects.[K
To https://github.com/pbpayal/memoirs_of_bioinformatician.git
   d80d15a..7dcfe04  main -> main
]0;~/Documents/Payal_Scripts/R/Payal_Blog(base) 71rrw33:Payal_Blog pbanerjee$ git status
On branch main
Your branch is up to date with 'origin/main'.

Changes not staged for commit:
  (use "git add <file>..." to update what will be committed)
  (use "git restore <file>..." to discard changes in working directory)
	[31mmodified:   .Rproj.user/3A2820DD/console06/E6C74381[m

no changes added to commit (use "git add" and/or "git commit -a")

The default interactive shell is now zsh.
To update your account to use zsh, please run `chsh -s /bin/zsh`.
For more details, please visit https://support.apple.com/kb/HT208050.
]0;~/Documents/Payal_Scripts/R/Payal_Blog[?1034h(base) 3b6bz33:Payal_Blog pbanerjee$ git -s[K[K-a[K[Kadd -A
]0;~/Documents/Payal_Scripts/R/Payal_Blog(base) 3b6bz33:Payal_Blog pbanerjee$ git  co[K[K[Kcommit -m ""A"d"d"i"n"g" "a" "[1P"[1P"p"a"g"e" "o"n" "D"e"s"e"q"2"
[main 7229a15] Adding page on Deseq2
 41 files changed, 1077 insertions(+), 712 deletions(-)
 rewrite .Rproj.user/3A2820DD/console06/INDEX001 (72%)
 delete mode 100644 .Rproj.user/3A2820DD/sources/s-4E9DC893/16BBAC62-contents
 delete mode 100644 .Rproj.user/3A2820DD/sources/s-4E9DC893/1C4EB6F8-contents
 delete mode 100644 .Rproj.user/3A2820DD/sources/s-4E9DC893/316E6119
 delete mode 100644 .Rproj.user/3A2820DD/sources/s-4E9DC893/316E6119-contents
 delete mode 100644 .Rproj.user/3A2820DD/sources/s-4E9DC893/5A982B07-contents
 delete mode 100644 .Rproj.user/3A2820DD/sources/s-4E9DC893/5B0F72BB
 delete mode 100644 .Rproj.user/3A2820DD/sources/s-4E9DC893/5B0F72BB-contents
 delete mode 100644 .Rproj.user/3A2820DD/sources/s-4E9DC893/5F4BB4DD
 delete mode 100644 .Rproj.user/3A2820DD/sources/s-4E9DC893/5F4BB4DD-contents
 delete mode 100644 .Rproj.user/3A2820DD/sources/s-4E9DC893/95CF3F20
 delete mode 100644 .Rproj.user/3A2820DD/sources/s-4E9DC893/95CF3F20-contents
 delete mode 100644 .Rproj.user/3A2820DD/sources/s-4E9DC893/BE341C85-contents
 delete mode 100644 .Rproj.user/3A2820DD/sources/s-4E9DC893/CB197E4C-contents
 delete mode 100644 .Rproj.user/3A2820DD/sources/s-4E9DC893/DE1A7611
 delete mode 100644 .Rproj.user/3A2820DD/sources/s-4E9DC893/DE1A7611-contents
 delete mode 100644 .Rproj.user/3A2820DD/sources/s-4E9DC893/E2F300A-contents
 delete mode 100644 .Rproj.user/3A2820DD/sources/s-4E9DC893/F6A1FC71
 delete mode 100644 .Rproj.user/3A2820DD/sources/s-4E9DC893/F6A1FC71-contents
 delete mode 100644 .Rproj.user/3A2820DD/sources/s-4E9DC893/lock_file
 delete mode 100644 .Rproj.user/shared/notebooks/AB9D33C-rnaseq_downstream_analysis/1/3A2820DD4E9DC893/chunks.json
 delete mode 100644 .Rproj.user/shared/notebooks/AB9D33C-rnaseq_downstream_analysis/1/s/chunks.json
 create mode 100644 .gitignore
 create mode 100644 deseq2_steps_and_normalization.Rmd
 create mode 100644 docs/deseq2-normalization-and-steps.html
 create mode 100644 docs/deseq2-normalizationa-and-steps.html
 create mode 100644 docs/dispersion.html
 create mode 100644 docs/normalization.html
 rewrite docs/search_index.json (86%)
]0;~/Documents/Payal_Scripts/R/Payal_Blog(base) 3b6bz33:Payal_Blog pbanerjee$ git push
Enumerating objects: 59, done.
Counting objects:   1% (1/59)Counting objects:   3% (2/59)Counting objects:   5% (3/59)Counting objects:   6% (4/59)Counting objects:   8% (5/59)Counting objects:  10% (6/59)Counting objects:  11% (7/59)Counting objects:  13% (8/59)Counting objects:  15% (9/59)Counting objects:  16% (10/59)Counting objects:  18% (11/59)Counting objects:  20% (12/59)Counting objects:  22% (13/59)Counting objects:  23% (14/59)Counting objects:  25% (15/59)Counting objects:  27% (16/59)Counting objects:  28% (17/59)Counting objects:  30% (18/59)Counting objects:  32% (19/59)Counting objects:  33% (20/59)Counting objects:  35% (21/59)Counting objects:  37% (22/59)Counting objects:  38% (23/59)Counting objects:  40% (24/59)Counting objects:  42% (25/59)Counting objects:  44% (26/59)Counting objects:  45% (27/59)Counting objects:  47% (28/59)Counting objects:  49% (29/59)Counting objects:  50% (30/59)Counting objects:  52% (31/59)Counting objects:  54% (32/59)Counting objects:  55% (33/59)Counting objects:  57% (34/59)Counting objects:  59% (35/59)Counting objects:  61% (36/59)Counting objects:  62% (37/59)Counting objects:  64% (38/59)Counting objects:  66% (39/59)Counting objects:  67% (40/59)Counting objects:  69% (41/59)Counting objects:  71% (42/59)Counting objects:  72% (43/59)Counting objects:  74% (44/59)Counting objects:  76% (45/59)Counting objects:  77% (46/59)Counting objects:  79% (47/59)Counting objects:  81% (48/59)Counting objects:  83% (49/59)Counting objects:  84% (50/59)Counting objects:  86% (51/59)Counting objects:  88% (52/59)Counting objects:  89% (53/59)Counting objects:  91% (54/59)Counting objects:  93% (55/59)Counting objects:  94% (56/59)Counting objects:  96% (57/59)Counting objects:  98% (58/59)Counting objects: 100% (59/59)Counting objects: 100% (59/59), done.
Delta compression using up to 8 threads
Compressing objects:   3% (1/28)Compressing objects:   7% (2/28)Compressing objects:  10% (3/28)Compressing objects:  14% (4/28)Compressing objects:  17% (5/28)Compressing objects:  21% (6/28)Compressing objects:  25% (7/28)Compressing objects:  28% (8/28)Compressing objects:  32% (9/28)Compressing objects:  35% (10/28)Compressing objects:  39% (11/28)Compressing objects:  42% (12/28)Compressing objects:  46% (13/28)Compressing objects:  50% (14/28)Compressing objects:  53% (15/28)Compressing objects:  57% (16/28)Compressing objects:  60% (17/28)Compressing objects:  64% (18/28)Compressing objects:  67% (19/28)Compressing objects:  71% (20/28)Compressing objects:  75% (21/28)Compressing objects:  78% (22/28)Compressing objects:  82% (23/28)Compressing objects:  85% (24/28)Compressing objects:  89% (25/28)Compressing objects:  92% (26/28)Compressing objects:  96% (27/28)Compressing objects: 100% (28/28)Compressing objects: 100% (28/28), done.
Writing objects:   3% (1/33)Writing objects:   6% (2/33)Writing objects:   9% (3/33)Writing objects:  12% (4/33)Writing objects:  15% (5/33)Writing objects:  18% (6/33)Writing objects:  21% (7/33)Writing objects:  24% (8/33)Writing objects:  27% (9/33)Writing objects:  30% (10/33)Writing objects:  33% (11/33)Writing objects:  36% (12/33)Writing objects:  39% (13/33)Writing objects:  42% (14/33)Writing objects:  45% (15/33)Writing objects:  48% (16/33)Writing objects:  51% (17/33)Writing objects:  54% (18/33)Writing objects:  57% (19/33)Writing objects:  60% (20/33)Writing objects:  69% (23/33)Writing objects:  72% (24/33)Writing objects:  75% (25/33)Writing objects:  78% (26/33)Writing objects:  81% (27/33)Writing objects:  84% (28/33)Writing objects:  87% (29/33)Writing objects:  90% (30/33)Writing objects:  93% (31/33)Writing objects:  96% (32/33)Writing objects: 100% (33/33)Writing objects: 100% (33/33), 10.13 KiB | 185.00 KiB/s, done.
Total 33 (delta 21), reused 0 (delta 0)
remote: Resolving deltas:   0% (0/21)[Kremote: Resolving deltas:   4% (1/21)[Kremote: Resolving deltas:   9% (2/21)[Kremote: Resolving deltas:  14% (3/21)[Kremote: Resolving deltas:  19% (4/21)[Kremote: Resolving deltas:  23% (5/21)[Kremote: Resolving deltas:  28% (6/21)[Kremote: Resolving deltas:  33% (7/21)[Kremote: Resolving deltas:  38% (8/21)[Kremote: Resolving deltas:  42% (9/21)[Kremote: Resolving deltas:  47% (10/21)[Kremote: Resolving deltas:  52% (11/21)[Kremote: Resolving deltas:  57% (12/21)[Kremote: Resolving deltas:  61% (13/21)[Kremote: Resolving deltas:  66% (14/21)[Kremote: Resolving deltas:  71% (15/21)[Kremote: Resolving deltas:  76% (16/21)[Kremote: Resolving deltas:  80% (17/21)[Kremote: Resolving deltas:  85% (18/21)[Kremote: Resolving deltas:  90% (19/21)[Kremote: Resolving deltas:  95% (20/21)[Kremote: Resolving deltas: 100% (21/21)[Kremote: Resolving deltas: 100% (21/21), completed with 16 local objects.[K
To https://github.com/pbpayal/memoirs_of_bioinformatician.git
   7dcfe04..7229a15  main -> main
]0;~/Documents/Payal_Scripts/R/Payal_Blog(base) 3b6bz33:Payal_Blog pbanerjee$ git push[K[K[K[Kstatus
On branch main
Your branch is up to date with 'origin/main'.

Changes not staged for commit:
  (use "git add <file>..." to update what will be committed)
  (use "git restore <file>..." to discard changes in working directory)
	[31mmodified:   .Rproj.user/3A2820DD/console06/E6C74381[m
	[31mmodified:   .Rproj.user/3A2820DD/console06/E6C74381.env[m

no changes added to commit (use "git add" and/or "git commit -a")
]0;~/Documents/Payal_Scripts/R/Payal_Blog(base) 3b6bz33:Payal_Blog pbanerjee$ git status
On branch main
Your branch is up to date with 'origin/main'.

Changes not staged for commit:
  (use "git add <file>..." to update what will be committed)
  (use "git restore <file>..." to discard changes in working directory)
	[31mmodified:   .Rproj.user/3A2820DD/console06/E6C74381[m
	[31mmodified:   .Rproj.user/3A2820DD/console06/E6C74381.env[m
	[31mmodified:   deseq2_steps_and_normalization.Rmd[m

no changes added to commit (use "git add" and/or "git commit -a")
]0;~/Documents/Payal_Scripts/R/Payal_Blog(base) 3b6bz33:Payal_Blog pbanerjee$ git status[2Ppushcommit -m "Adding page on Deseq2"add -A[K
]0;~/Documents/Payal_Scripts/R/Payal_Blog(base) 3b6bz33:Payal_Blog pbanerjee$ git add -Astatus[2Ppushcommit -m "Adding page on Deseq2"[1P[1P[1P[1P[1P[1P[1@E[1@d[1@i[1@t[1@i[1@n[1@g
[main c3fc56b] Editing page on Deseq2
 3 files changed, 74 insertions(+), 4 deletions(-)
]0;~/Documents/Payal_Scripts/R/Payal_Blog(base) 3b6bz33:Payal_Blog pbanerjee$ git commit -m "Editing page on Deseq2"add -A[Kstatus[2Ppush
Enumerating objects: 15, done.
Counting objects:   6% (1/15)Counting objects:  13% (2/15)Counting objects:  20% (3/15)Counting objects:  26% (4/15)Counting objects:  33% (5/15)Counting objects:  40% (6/15)Counting objects:  46% (7/15)Counting objects:  53% (8/15)Counting objects:  60% (9/15)Counting objects:  66% (10/15)Counting objects:  73% (11/15)Counting objects:  80% (12/15)Counting objects:  86% (13/15)Counting objects:  93% (14/15)Counting objects: 100% (15/15)Counting objects: 100% (15/15), done.
Delta compression using up to 8 threads
Compressing objects:  12% (1/8)Compressing objects:  25% (2/8)Compressing objects:  37% (3/8)Compressing objects:  50% (4/8)Compressing objects:  62% (5/8)Compressing objects:  75% (6/8)Compressing objects:  87% (7/8)Compressing objects: 100% (8/8)Compressing objects: 100% (8/8), done.
Writing objects:  12% (1/8)Writing objects:  25% (2/8)Writing objects:  37% (3/8)Writing objects:  50% (4/8)Writing objects:  62% (5/8)Writing objects:  75% (6/8)Writing objects:  87% (7/8)Writing objects: 100% (8/8)Writing objects: 100% (8/8), 2.02 KiB | 41.00 KiB/s, done.
Total 8 (delta 4), reused 0 (delta 0)
remote: Resolving deltas:   0% (0/4)[Kremote: Resolving deltas:  25% (1/4)[Kremote: Resolving deltas:  50% (2/4)[Kremote: Resolving deltas:  75% (3/4)[Kremote: Resolving deltas: 100% (4/4)[Kremote: Resolving deltas: 100% (4/4), completed with 4 local objects.[K
To https://github.com/pbpayal/memoirs_of_bioinformatician.git
   7229a15..c3fc56b  main -> main
]0;~/Documents/Payal_Scripts/R/Payal_Blog(base) 3b6bz33:Payal_Blog pbanerjee$ git pushcommit -m "Editing page on Deseq2"add -A[K
]0;~/Documents/Payal_Scripts/R/Payal_Blog(base) 3b6bz33:Payal_Blog pbanerjee$ git add -A[2Ppushcommit -m "Editing page on Deseq2"
[main ddc55ff] Editing page on Deseq2
 8 files changed, 31 insertions(+), 17 deletions(-)
 rewrite docs/search_index.json (84%)
]0;~/Documents/Payal_Scripts/R/Payal_Blog(base) 3b6bz33:Payal_Blog pbanerjee$ git commit -m "Editing page on Deseq2"add -A[K[2Ppush
Enumerating objects: 27, done.
Counting objects:   3% (1/27)Counting objects:   7% (2/27)Counting objects:  11% (3/27)Counting objects:  14% (4/27)Counting objects:  18% (5/27)Counting objects:  22% (6/27)Counting objects:  25% (7/27)Counting objects:  29% (8/27)Counting objects:  33% (9/27)Counting objects:  37% (10/27)Counting objects:  40% (11/27)Counting objects:  44% (12/27)Counting objects:  48% (13/27)Counting objects:  51% (14/27)Counting objects:  55% (15/27)Counting objects:  59% (16/27)Counting objects:  62% (17/27)Counting objects:  66% (18/27)Counting objects:  70% (19/27)Counting objects:  74% (20/27)Counting objects:  77% (21/27)Counting objects:  81% (22/27)Counting objects:  85% (23/27)Counting objects:  88% (24/27)Counting objects:  92% (25/27)Counting objects:  96% (26/27)Counting objects: 100% (27/27)Counting objects: 100% (27/27), done.
Delta compression using up to 8 threads
Compressing objects:   7% (1/14)Compressing objects:  14% (2/14)Compressing objects:  21% (3/14)Compressing objects:  28% (4/14)Compressing objects:  35% (5/14)Compressing objects:  42% (6/14)Compressing objects:  50% (7/14)Compressing objects:  57% (8/14)Compressing objects:  64% (9/14)Compressing objects:  71% (10/14)Compressing objects:  78% (11/14)Compressing objects:  85% (12/14)Compressing objects:  92% (13/14)Compressing objects: 100% (14/14)Compressing objects: 100% (14/14), done.
Writing objects:   7% (1/14)Writing objects:  14% (2/14)Writing objects:  21% (3/14)Writing objects:  28% (4/14)Writing objects:  35% (5/14)Writing objects:  42% (6/14)Writing objects:  50% (7/14)Writing objects:  57% (8/14)Writing objects:  64% (9/14)Writing objects:  71% (10/14)Writing objects:  78% (11/14)Writing objects:  85% (12/14)Writing objects:  92% (13/14)Writing objects: 100% (14/14)Writing objects: 100% (14/14), 2.29 KiB | 2.29 MiB/s, done.
Total 14 (delta 10), reused 0 (delta 0)
remote: Resolving deltas:   0% (0/10)[Kremote: Resolving deltas:  10% (1/10)[Kremote: Resolving deltas:  20% (2/10)[Kremote: Resolving deltas:  30% (3/10)[Kremote: Resolving deltas:  40% (4/10)[Kremote: Resolving deltas:  50% (5/10)[Kremote: Resolving deltas:  60% (6/10)[Kremote: Resolving deltas:  70% (7/10)[Kremote: Resolving deltas:  80% (8/10)[Kremote: Resolving deltas:  90% (9/10)[Kremote: Resolving deltas: 100% (10/10)[Kremote: Resolving deltas: 100% (10/10), completed with 10 local objects.[K
To https://github.com/pbpayal/memoirs_of_bioinformatician.git
   c3fc56b..ddc55ff  main -> main

The default interactive shell is now zsh.
To update your account to use zsh, please run `chsh -s /bin/zsh`.
For more details, please visit https://support.apple.com/kb/HT208050.

The default interactive shell is now zsh.
To update your account to use zsh, please run `chsh -s /bin/zsh`.
For more details, please visit https://support.apple.com/kb/HT208050.
]0;~/Documents/Payal_Scripts/R/Payal_Blog[?1034h(base) 9zqbz33:Payal_Blog pbanerjee$ lsexport AWS_SESSION_TOKEN=IQoJb3JpZ2luX2VjECAaCXVzLWVhc3QtMSJGMEQCIG7iAHPwu4XQ+VlmOSMzUrttfRXN2aiMKeSKEHmXo3g8VAiBPo/UrAN9oe/Z2NanqpwfoxR/eaG6U2oK6T52AN/9zsiqXAggZEAEaDDEzNDgxMTI4ODM5MiIMh2bzyqcFdo+7kDBHKvQBKknMmdIInQWOTvJA84EMWyZFgJmrKzXC4ciWAZCDmYPibRXAQrqMKLxz0EPpHEl9UKU5FOPzJch8kq7ufw5+klXcLvHFa/yoVOGxsrYh7skYWfW/Q2QBhT3s1F354J0bQ/QddHKdTQsIS4439yDB97EgnPhl2n95kLG2r/8cOuJyX4IcxVqGd3UsLFy8B26AQcOwp7PNrxvVHL3n/lZaOxMu0NlBxLbG1YIDaUt+b8E3yv6sOnal7lxYi/k7IVF3iiXWvGGqlMnKiVDFhv77FStSfsTOqHc3wOUOvFFipWfrMkuYbEf3MZBbouDpbJ/Voybgmwc2DCEpfCABjqeAZqqBT2GtknrOi2UglPYqKdwaaltp2JwjRWTi5CysDRRr5NxShU4LHFUCDIfyXy6YJatoYtadxUxY87PWglhTlplBK6JtsqQWwjF5wzrSBxGw44DIyVHHzcCDG1jQYex+31XJkf1zD+CNj+cv6CPWQtugcjGiyXJsKGAl/g11WjRvUY+ot2Az8CJl9+0ABOnAC/O3gFm0leAijxY+qfgEu[A[A[A[A[A[A[C[C[C[C[18PCRET_ACCESS_KEY=OjQF3nv1lt1ONcSxPPrCpOlncGHXEQzsSLqb0Px4
[K
[K
[K
[K
[K
[K[A[A[A[A[A[A[C[C[C[C[C[C[C[C[C[C[C[C[C[C[C[C[C[C[C[C[C[C[C[C[C[C[C[C[C[C[C[C[C[C[C[C[C[C[C[C[C[C[C[C[C[C[C[C[C[C[C[C[C[C[C[C[C[C[C[C[C[C[C[C[C[C[C[C[C[C[C[C[C[C[C[C[C[C[C[C[C[C[C[C[C[C[C[C[C[C[C[C[C[C[C[C[C[C[C[C[C[C[C[C[C[C[C[C[C[C[C[C[C[C[C[C[C[C[C[C[C[C[C[C[C[C[C[C[C[C[C[C[C[C[C[C[C[C[C[C[C[C[C[C[C[C[C[C[C[C[C[C[C[C[24PACCESS_KEY_ID=ASIAR6Y3BANELPRWAD4G[10PDEFAULT_REGION=us-east-1aws[Kexport AWS_SESSION_TOKEN=IQoJb3JpZ2luX2VjECAaCXVzLWVhc3QtMSJGMEQCIG7iAHPwu4XQ+VlmOSMzUrttfRXN2aiMKeSKEHmXo3g8VAiBPo/UrAN9oe/Z2NanqpwfoxR/eaG6U2oK6T52AN/9zsiqXAggZEAEaDDEzNDgxMTI4ODM5MiIMh2bzyqcFdo+7kDBHKvQBKknMmdIInQWOTvJA84EMWyZFgJmrKzXC4ciWAZCDmYPibRXAQrqMKLxz0EPpHEl9UKU5FOPzJch8kq7ufw5+klXcLvHFa/yoVOGxsrYh7skYWfW/Q2QBhT3s1F354J0bQ/QddHKdTQsIS4439yDB97EgnPhl2n95kLG2r/8cOuJyX4IcxVqGd3UsLFy8B26AQcOwp7PNrxvVHL3n/lZaOxMu0NlBxLbG1YIDaUt+b8E3yv6sOnal7lxYi/k7IVF3iiXWvGGqlMnKiVDFhv77FStSfsTOqHc3wOUOvFFipWfrMkuYbEf3MZBbouDpbJ/Voybgmwc2DCEpfCABjqeAZqqBT2GtknrOi2UglPYqKdwaaltp2JwjRWTi5CysDRRr5NxShU4LHFUCDIfyXy6YJatoYtadxUxY87PWglhTlplBK6JtsqQWwjF5wzrSBxGw44DIyVHHzcCDG1jQYex+31XJkf1zD+CNj+cv6CPWQtugcjGiyXJsKGAl/g11WjRvUY+ot2Az8CJl9+0ABOnAC/O3gFm0leAijxY+qfgEu[A[A[A[A[A[A[C[C[C[C[18PCRET_ACCESS_KEY=OjQF3nv1lt1ONcSxPPrCpOlncGHXEQzsSLqb0Px4
[K
[K
[K
[K
[K
[K[A[A[A[A[A[A[C[C[C[C[C[C[C[C[C[C[C[C[C[C[C[C[C[C[C[C[C[C[C[C[C[C[C[C[C[C[C[C[C[C[C[C[C[C[C[C[C[C[C[C[C[C[C[C[C[C[C[C[C[C[C[C[C[C[C[C[C[C[C[C[C[C[C[C[C[C[C[C[C[C[C[C[C[C[C[C[C[C[C[C[C[C[C[C[C[C[C[C[C[C[C[C[C[C[C[C[C[C[C[C[C[C[C[C[C[C[C[C[C[C[C[C[C[C[C[C[C[C[C[C[C[C[C[C[C[C[C[C[C[C[C[C[C[C[C[C[C[C[C[C[C[C[C[C[C[C[C[C[C[C[24PACCESS_KEY_ID=ASIAR6Y3BANELPRWAD4G[10PDEFAULT_REGION=us-east-1aws ec2[K/Users/pbanerjee/Documents/Payal_Scripts/R/Seurat3_old/results/all_markers_without_norm..csv [A[C[C[C[C[C[C[C[C[C[C[C[C[C[C[C[C[C[C[C[C[C[C[C[C[C[C[C[C[C[C[C[C[C[C[C[C[C[C[C[C[C[C[C[C[C[C[C[C[C[C[C[C[C[C[C[C[C[C[C[C[C[C[C[C[C[C[C[C[C[C[C[C[C[C[C[C[C[C[C[C[C[C[C[C[C[C[Cdeg_0.csv [K
[K[A[C[C[C[C[C[C[C[C[C[C[C[C[C[C[C[C[C[C[C[C[C[C[C[C[C[C[C[C[C[C[C[C[C[C[C[C[C[C[C[C[C[C[C[C[C[C[C[C[C[C[C[C[C[C[C[C[C[C[C[C[C[C[C[C[C[C[C[C[C[C[C[C[C[C[C[C[C[C[C[C[C[C[C[C[C[C[C[C[C[C[C[C[C[C[C[C[C[C[C[C[C[CCBU/CBU_Projects/2021/Neuroscience/results_without_normalizattion/deg_without_normalization_integrated [A[C[C[C[C[C[C[C[C[C[C[C[C[C[C[C[C[C[C[C[C[C[CPayal_Scripts/R/joseph-li-jin-2021/rerun_2021/integrated_old_[9Pwithout_normalization/deg_0.csv[C[A[C[C[C[CR[K
[K[A[C[C[C[C[C[C[C[C[C[C[C[C[C[C[C[C[C[C[C[C[C[C[C[C[C[C[C[C[C[C[C[C[C[C[C[C[C[Cgetwd() seuratconda activate seurat3_oldcreate -n seurat3_old -c conda-forge -c bioconda r-seurat==3.0.0[C[C[C[C[C[C[C[C[C[C[C[C[C[C[C[C[C[C[C[C[C[C[C[C[C[C[C[C[C[C[C[C[C[C[C[C[C[C[C[C[C[C[KlearR[K/Users/pbanerjee/Desktop/seurat-3.0.0 pwd[Kls -lhcd Seurat/[4Pls -lhcd library/[5Pls -lhcd 3.6[4Plscd R[2Plscd Library/[Kls -lh[2Pcd R[2Plscd MacOS/[3Pls -lh[Kcd PkgInfo ls[Kcd Contents/ls[Kcd R.app/ls[Kcd ../Applications/ls[Kcd bin[4Plscd /[2Plscd .//Users/pbanerjee/Documents/Payal_Scripts/R/joseph-li-jin-2021/rerun_2021/previous_annotaated_clusters/deg_em.csv [A[C[C[C[C[C[C[C[C[C[C[C[C[C[C[C[C[C[C[C[C[C[C[C[C[C[C[C[C[C[C[C[C[C[C[C[C[C[C[C[C[C[C[C[C[C[C[C[C[C[C[C[C[C[C[C[C[C[C[C[C[C[C[C[C[C[C[C[C[C[C[C[C[C[C[C[C[C[C[C[C[C[C[C[C[Cwithout_normali[7Pzation/deg_0[C[C[C[C[C[A[C[C[C[C[C[C[C[C[C[C[C[C[C[C[C[C[C[C[C[C[C[C[C[C[C[C[C[C[C[C[C[C[C[C[C[C[C[C[C[C[C[C[C[C[C[C[C[C[C[C[C[C[C[C[C[C[C[C[C[C[C[C[C[C[C[C[C[C[C[C[C[C[C[C[C[C[C[C[C[C[C[C[C[C[C[C[C[C[C[C[C[C[C[C[C[C_normalizat[2@ion/deg_norm[C[C[C[C[C[C[C[A[C[C[C[C[C[C[C[C[C[C[C[C[C[C[C[C[C[58Pssh pbanerjee@sonnet.cnmc.org
[K[A[C[C[C[C[C[C[C[C[C[C[C[C[C[C[C[C[C[C[C[C[C[C[C[C[C[C[C[C[C[C[C[C[C[C[C[C[C[C[C[C[C[C[C[C[C[C[C[C[C[C[C[C[C[C[C[C[C[C[C[C[C[C[C[C[C[C[Kmkdir B10_mdx_1.5_vs_D2_mdx_1.5ls[Kcd new_heatmaps/ls[K -lhmkdir new_heatmaps[12Pls -lhcd /Users/pbanerjee/Documents/CBU/CBU_Projects/2021/Genmed/James/new_heatmaps[C[C[C[C[C[C[C[C[C[C[C[C[C[C[C[C[C[C[C[C[C[C[C[C[C[C[C[C[C[C[C[C[C[C[C[C[C[48Pssh pbanerjee@sonnet.cnmc.orgcut -f 1 deseq2_counts_star_out_merged_TS12_R1.fastq.gzAligned.sortedByCoord.out.bam.txtt | sort | uniq -c | wc -l[A[C[C[C[C[C[C[C[C[C[C[C[C[C[C[C[C[C[C[C[C[C[C[C[C[C[C[C[C[C[C[C[C[C[C[C[C[C[C[C[C[C[C[C[C[C[C[C[C[C[C[C[C[C1_R1.fastq.gzAligned.sortedByCoord.out.bam.txt[C[C[C[C[C[C[C[C[C[C[C[C[C[C[C[C[C[C[C[C[C[C[C[C[C[A[C[C[C[C[C[C[C[C[C[C[C[C[C[C[C[C[C[C[C[C[C[C[C[C[C[C[C[C[C[C[C[C[C[C[C[C[C[C[C[C[C[C[C[C[C[C[C[C[C[C[C[C[C0_R1.fastq.gzAligned.sortedByCoord.out.bam.txt[C[C[C[C[C[C[C[C[C[C[C[C[C[C[C[C[C[C[C[C[C[C[C[C[C[A[C[C[C[C[C[C[C[C[C[C[C[C[C[C[C[C[C[C[C[C[C[C[C[C[C[C[C[C[C[C[C[C[C[C[C[C[C[C[C[C[C[C[C[C[C[C[C[C[C[C[C[C20_R1.fastq.gzAligned.sortedByCoord.out.bam.txt[C[C[C[C[C[C[C[C[C[C[C[C[C[C[C[C[C[C[C[C[C[C[C[C[C[A[C[C[C[C[C[C[C[C[C[C[C[C[C[C[C[C[C[C[C[C[C[C[C[C[C[C[C[C[C[C[C[C[C[C[C[C[C[C[C[C[C[C[CXSKCN_20190719_K00134_IL100136250_TS8_L008_R1.fastq.gzAl[31@igned.sortedByCoord.out.bam.txt[C[C[C[C[C[C[C[C[C[C[C[C[C[C[C[C[C[C[C[C[C[C[C[C[C[A[C[C[C[C[C[C[C[C[C[C[C[Cmerged_TS3_R1.fastq.gzAligned.sortedByCoord.out.bam.txt [32P[C[C[C[C[C[C[C[C[C[C[C[C[C[C[C[C[C[C[C[C[C[C[C[C[A[C[C[C[C[C[C[C[C[C[C[C[C[C[C[C[C[C[C[C[C[C[C[C[C[C[C[C[C[C[C[C[C[C[C[C[C[C[C[C[C[C[C[C[C[C[C[C[C[C[C[C[C[C1_R1.fastq.gzAligned.sortedByCoord.out.bam.txt [C[C[C[C[C[C[C[C[C[C[C[C[C[C[C[C[C[C[C[C[C[C[C[C[K[A[C[C[C[C[C[C[C[C[C[C[C[C[C[C[C[C[C[C[C[Cwc -l /Users/pbanerjee/Documents/CBU/CBU_Projects/2021/Genmed/James/deseq2_counts_reverse/deseq2_counts_star_out_merged_TS3_R1.fastq.gzAligned.sortedByCoord.out.bam.txt [A[C[C[C[C[C[C[C[C[C[C[C[C[C[C[C[C[C[C[C[C[C[C[C[C[C[C[C[C[C[C[C[C[C[C[C[C[Ccut -f 1 deseq2_counts_star_out_merged_TS1_R1.fastq.gzAligned.sortedByCoord.out.bam.txt | sort | uniq -c[K | wc -l[A[C[C[C[C[C[C[C[C[C[C[C[C[C[C[C[C[C[C[C[C[C[C[C[C[C[C[C[C[C[C[C[C[C[C[C[C[C[C[C[C[C[C[C[C[C[C[C[C[C[C[C[C[C3_R1.fastq.gzAligned.sortedByCoord.out.bam.txt [C[C[C[C[C[C[C[C[C[C[C[C[C[C[C[C[C[C[C[C[C[C[C[C[A[C[C[C[C[C[C[C[C[C[C[C[C[C[C[C[C[C[C[C[C[C[C[C[C[C[C[C[C[C[C[C[C[C[C[C[C[C[C[C[C[C[C[C[CXSKCN_20190719_K00134_IL100136250_TS8_L008_R1.fastq.gzAl[32@igned.sortedByCoord.out.bam.txt [C[C[C[C[C[C[C[C[C[C[C[C[C[C[C[C[C[C[C[C[C[C[C[C[A[C[C[C[C[C[C[C[C[C[C[C[Cmerged_TS20_R1.fastq.gzAligned.sortedByCoord.out.bam.txt[31P[C[C[C[C[C[C[C[C[C[C[C[C[C[C[C[C[C[C[C[C[C[C[C[C[C[A[C[C[C[C[C[C[C[C[C[C[C[C[C[C[C[C[C[C[C[C[C[C[C[C[C[C[C[C[C[C[C[C[C[C[C[C[C[C[C[C[C[C[C[C[C[C[C[C[C[C[C[C10_R1.fastq.gzAligned.sortedByCoord.out.bam.txt[C[C[C[C[C[C[C[C[C[C[C[C[C[C[C[C[C[C[C[C[C[C[C[C[C[A[C[C[C[C[C[C[C[C[C[C[C[C[C[C[C[C[C[C[C[C[C[C[C[C[C[C[C[C[C[C[C[C[C[C[C[C[C[C[C[C[C[C[C[C[C[C[C[C[C[C[C[C[C1_R1.fastq.gzAligned.sortedByCoord.out.bam.txt[C[C[C[C[C[C[C[C[C[C[C[C[C[C[C[C[C[C[C[C[C[C[C[C[C[A[C[C[C[C[C[C[C[C[C[C[C[C[C[C[C[C[C[C[C[C[C[C[C[C[C[C[C[C[C[C[C[C[C[C[C[C[C[C[C[C[C[C[C[C[C[C[C[C[C[C[C[C[C2_R1.fastq.gzAligned.sortedByCoord.out.bam.txt[C[C[C[C[C[C[C[C[C[C[C[C[C[C[C[C[C[C[C[C[C[C[C[C[C[A[C[C[C[C[C[C[C[C[C[C[C[58Pssh pbanerjee@sonnet.cnmc.org
[K[A[C[C[C[C[C[C[C[C[C[C[C[C[C[C[C[C[C[C[C[C[C[C[C[C[C[C[C[C[C[C[C[C[C[C[C[C[C[C[C[C[C[C[C[C[C[C[C[C[C[C[C[C[C[C[C[C[C[C[C[C[C[C[C[C[C[Ccd /Users/pbanerjee/Documents/CBU/CBU_Projects/2021/Genmed/James/new_heatmaps[K[C[C[C[C[C[C[C[C[C[C[C[C[C[C[C[C[C[C[C[C[C[C[C[C[C[C[C[C[C[C[C[C[C[C[C[C[Cls -lh[Kmkdir new_heatmaps[12Pls -lh[Kcd new_heatmaps/ls[Kmkdir B10_mdx_1.5_vs_D2_mdx_1.5ssh [Kpbanerjee@sonnet.cnmc.org/Users/pbanerjee/Documents/Payal_Scripts/R/joseph-li-jin-2021/rerun_2021/with_normalizattion/deg_norm_0.csv [A[C[C[C[C[C[C[C[C[C[C[C[C[C[C[C[C[C[C[C[C[C[C[C[C[C[C[C[C[C[C[C[C[C[C[C[C[C[C[C[C[C[C[C[C[C[C[C[C[C[C[C[C[C[C[C[C[C[C[C[C[C[C[C[C[C[C[C[C[C[C[C[C[C[C[C[C[C[C[C[C[C[C[C[C[C[C[C[C[C[C[C[C[C[Cout_normali[2Pzation/deg[C[C[C[C[C[C[C[A[C[C[C[C[C[C[C[C[C[C[C[C[C[C[C[C[C[C[C[C[C[C[C[C[C[C[C[C[C[C[C[C[C[C[C[C[C[C[C[C[C[C[C[C[C[C[C[C[C[C[C[C[C[C[C[C[C[C[C[C[C[C[C[C[C[C[C[C[C[C[C[C[C[C[C[C[C[C[C[C[C[C[C[C[C[C[C[C[C[C[C[Cprevious_annota[7@ted_clusters/deg_em[C[C[C[C[C[A[C[C[C[C[C[C[C[C[C[C[C[Ccd ./[K
[K[A[C[C[C[C[C[C[C[C[C[C[C[C[C[C[C[C[C[C[C[C[C[C[C[C[C[C[C[C[C[C[C[C[C[C[C[C[C[C[C[C[C[C[3Plscd /[2Plscd bin[4Plscd ../Applications/ls[Kcd R.app/ls[Kcd Contents/ls[Kcd PkgInfo ls[K -lhcd MacOS/ls[Kcd Rls -lh[3Pcd Library/ls[Kcd R[2Plscd 3.6ls -lh[K[K[K[K[K[Kgit status
On branch main
Your branch is up to date with 'origin/main'.

Changes not staged for commit:
  (use "git add <file>..." to update what will be committed)
  (use "git restore <file>..." to discard changes in working directory)
	[31mmodified:   .Rproj.user/3A2820DD/console06/E6C74381[m
	[31mmodified:   .Rproj.user/3A2820DD/console06/INDEX001[m
	[31mmodified:   .Rproj.user/3A2820DD/sources/prop/1F019E9[m
	[31mmodified:   .Rproj.user/3A2820DD/sources/prop/3CA15088[m
	[31mmodified:   .Rproj.user/3A2820DD/sources/prop/60E74976[m
	[31mmodified:   .Rproj.user/3A2820DD/sources/prop/9DE49211[m
	[31mmodified:   .Rproj.user/3A2820DD/sources/prop/E9564CED[m
	[31mmodified:   .Rproj.user/3A2820DD/sources/prop/INDEX[m
	[31mmodified:   .Rproj.user/shared/notebooks/6F8CAEBC-cool_bioinfo_databases/1/s/chunks.json[m
	[31mmodified:   .Rproj.user/shared/notebooks/paths[m
	[31mmodified:   README.md[m
	[31mmodified:   cool_bioinfo_databases.Rmd[m
	[31mmodified:   deseq2_steps_and_normalization.Rmd[m
	[31mmodified:   docs/bioinformatics-databases.html[m
	[31mmodified:   docs/deseq2-normalization-and-steps.html[m
	[31mmodified:   docs/index.html[m
	[31mmodified:   docs/reference-keys.txt[m
	[31mmodified:   docs/rna-fda.html[m
	[31mmodified:   docs/search_index.json[m
	[31mmodified:   docs/what-to-do-with-significant-differentially-expressed-genelist.html[m
	[31mmodified:   index.Rmd[m

Untracked files:
  (use "git add <file>..." to include in what will be committed)
	[31mGenome_graphs.Rmd[m
	[31mdocs/genome-graphs.html[m
	[31mdocs/single-cell-tools.html[m
	[31mdocs/tools.html[m
	[31msingle_cell_tools.Rmd[m

no changes added to commit (use "git add" and/or "git commit -a")
]0;~/Documents/Payal_Scripts/R/Payal_Blog(base) 9zqbz33:Payal_Blog pbanerjee$ git add -A