
The default interactive shell is now zsh.
To update your account to use zsh, please run `chsh -s /bin/zsh`.
For more details, please visit https://support.apple.com/kb/HT208050.
]0;~/Documents/Payal_Scripts/R/Payal_Blog[?1034h(base) 71rrw33:Payal_Blog pbanerjee$ git status
On branch master
Changes not staged for commit:
  (use "git add <file>..." to update what will be committed)
  (use "git restore <file>..." to discard changes in working directory)
	[31mmodified:   .Rproj.user/3A2820DD/sources/prop/9143E61E[m
	[31mmodified:   .Rproj.user/3A2820DD/sources/prop/A5AE6CA1[m
	[31mmodified:   .Rproj.user/3A2820DD/sources/s-4E9DC893/316E6119[m
	[31mmodified:   .Rproj.user/3A2820DD/sources/s-4E9DC893/316E6119-contents[m
	[31mmodified:   .Rproj.user/3A2820DD/sources/s-4E9DC893/5F4BB4DD[m
	[31mmodified:   _bookdown.yml[m

Untracked files:
  (use "git add <file>..." to include in what will be committed)
	[31m.Rproj.user/3A2820DD/console06/[m

no changes added to commit (use "git add" and/or "git commit -a")
]0;~/Documents/Payal_Scripts/R/Payal_Blog(base) 71rrw33:Payal_Blog pbanerjee$ git ass[K[Kdd _bookdown.yml 
]0;~/Documents/Payal_Scripts/R/Payal_Blog(base) 71rrw33:Payal_Blog pbanerjee$ git add _output.yml 
]0;~/Documents/Payal_Scripts/R/Payal_Blog(base) 71rrw33:Payal_Blog pbanerjee$ git commit -m ""c"h"a"n"g"e"s"[1P"d" "o"u"t"p"u"t" "t"o" "j"u"s"t" "h"t"m"l" "n"[1P"a"n"d" "a"d"d"e"d" "d"o"c"s" "f"o"l"d"e"r"
[master 679d544] changed output to just html and added docs folder
 2 files changed, 2 insertions(+), 7 deletions(-)
]0;~/Documents/Payal_Scripts/R/Payal_Blog(base) 71rrw33:Payal_Blog pbanerjee$ git status
On branch master
Changes not staged for commit:
  (use "git add <file>..." to update what will be committed)
  (use "git restore <file>..." to discard changes in working directory)
	[31mmodified:   .Rproj.user/3A2820DD/sources/prop/9143E61E[m
	[31mmodified:   .Rproj.user/3A2820DD/sources/prop/A5AE6CA1[m
	[31mmodified:   .Rproj.user/3A2820DD/sources/s-4E9DC893/316E6119[m
	[31mmodified:   .Rproj.user/3A2820DD/sources/s-4E9DC893/316E6119-contents[m
	[31mmodified:   .Rproj.user/3A2820DD/sources/s-4E9DC893/5F4BB4DD[m
	[31mmodified:   .Rproj.user/3A2820DD/sources/s-4E9DC893/5F4BB4DD-contents[m

Untracked files:
  (use "git add <file>..." to include in what will be committed)
	[31m.Rproj.user/3A2820DD/console06/[m
	[31m_bookdown_files/[m
	[31mdocs/[m
	[31mpackages.bib[m

no changes added to commit (use "git add" and/or "git commit -a")
]0;~/Documents/Payal_Scripts/R/Payal_Blog(base) 71rrw33:Payal_Blog pbanerjee$ git add .do[K[K[Kdocs/
]0;~/Documents/Payal_Scripts/R/Payal_Blog(base) 71rrw33:Payal_Blog pbanerjee$ git commit -m ""a"s"[1P"[1P"A"d"d" "t"h"e" "[1P"[1P"[1P"[1P"[1P"e"d" "t"h"e" "d"o"c"s" "f"o"l"d"e"r" "c"r"e"a"t"e"d" "d"u"r"i"n"g" "B"u"i"l"s"[1P"d"
[master 5ff3b95] Added the docs folder created during Build
 31 files changed, 3540 insertions(+)
 create mode 100644 docs/Payal_Blog_files/figure-html/nice-fig-1.png
 create mode 100644 docs/applications.html
 create mode 100644 docs/final-words.html
 create mode 100644 docs/index.html
 create mode 100644 docs/intro.html
 create mode 100644 docs/libs/anchor-sections-1.0/anchor-sections.css
 create mode 100644 docs/libs/anchor-sections-1.0/anchor-sections.js
 create mode 100644 docs/libs/gitbook-2.6.7/css/fontawesome/fontawesome-webfont.ttf
 create mode 100644 docs/libs/gitbook-2.6.7/css/plugin-bookdown.css
 create mode 100644 docs/libs/gitbook-2.6.7/css/plugin-clipboard.css
 create mode 100644 docs/libs/gitbook-2.6.7/css/plugin-fontsettings.css
 create mode 100644 docs/libs/gitbook-2.6.7/css/plugin-highlight.css
 create mode 100644 docs/libs/gitbook-2.6.7/css/plugin-search.css
 create mode 100644 docs/libs/gitbook-2.6.7/css/plugin-table.css
 create mode 100644 docs/libs/gitbook-2.6.7/css/style.css
 create mode 100644 docs/libs/gitbook-2.6.7/js/app.min.js
 create mode 100644 docs/libs/gitbook-2.6.7/js/clipboard.min.js
 create mode 100644 docs/libs/gitbook-2.6.7/js/jquery.highlight.js
 create mode 100644 docs/libs/gitbook-2.6.7/js/lunr.js
 create mode 100644 docs/libs/gitbook-2.6.7/js/plugin-bookdown.js
 create mode 100644 docs/libs/gitbook-2.6.7/js/plugin-clipboard.js
 create mode 100644 docs/libs/gitbook-2.6.7/js/plugin-fontsettings.js
 create mode 100644 docs/libs/gitbook-2.6.7/js/plugin-search.js
 create mode 100644 docs/libs/gitbook-2.6.7/js/plugin-sharing.js
 create mode 100644 docs/libs/jquery-2.2.3/jquery.min.js
 create mode 100644 docs/literature.html
 create mode 100644 docs/methods.html
 create mode 100644 docs/reference-keys.txt
 create mode 100644 docs/references.html
 create mode 100644 docs/search_index.json
 create mode 100644 docs/style.css
]0;~/Documents/Payal_Scripts/R/Payal_Blog(base) 71rrw33:Payal_Blog pbanerjee$ git remote add origin https://github.com/pbpayal/memoirs_of_bioinformatician.git
]0;~/Documents/Payal_Scripts/R/Payal_Blog(base) 71rrw33:Payal_Blog pbanerjee$ git branch -M main
]0;~/Documents/Payal_Scripts/R/Payal_Blog(base) 71rrw33:Payal_Blog pbanerjee$ git push -u origin main[K[K[K[K[K main
remote: Invalid username or password.
fatal: Authentication failed for 'https://github.com/pbpayal/memoirs_of_bioinformatician.git/'
]0;~/Documents/Payal_Scripts/R/Payal_Blog(base) 71rrw33:Payal_Blog pbanerjee$ git push -u origin main[5Pbranch -M[C[C[C[C[Cremote add origin https://github.com/pbpayal/memoirs_of_bioinformatician.git
fatal: remote origin already exists.
]0;~/Documents/Payal_Scripts/R/Payal_Blog(base) 71rrw33:Payal_Blog pbanerjee$ git remote add origin https://github.com/pbpayal/memoirs_of_bioinformatician.git[C[C[C[C[C[C[C[C[C[C[C[C[C[C[C[C[C[C[C[C[C[C[C[C[C[C[C[C[C[C[C[C[C[C[C[C[C[C[C[C[Cpush -u origin main[K
error: cannot run rpostback-askpass: No such file or directory
Username for 'https://github.com': pbpayal
error: cannot run rpostback-askpass: No such file or directory
Password for 'https://pbpayal@github.com': 
remote: Invalid username or password.
fatal: Authentication failed for 'https://github.com/pbpayal/memoirs_of_bioinformatician.git/'
]0;~/Documents/Payal_Scripts/R/Payal_Blog(base) 71rrw33:Payal_Blog pbanerjee$ git push -u origin main
error: cannot run rpostback-askpass: No such file or directory
Username for 'https://github.com': pbpayal
error: cannot run rpostback-askpass: No such file or directory
Password for 'https://pbpayal@github.com': 
Enumerating objects: 77, done.
Counting objects:   1% (1/77)Counting objects:   2% (2/77)Counting objects:   3% (3/77)Counting objects:   5% (4/77)Counting objects:   6% (5/77)Counting objects:   7% (6/77)Counting objects:   9% (7/77)Counting objects:  10% (8/77)Counting objects:  11% (9/77)Counting objects:  12% (10/77)Counting objects:  14% (11/77)Counting objects:  15% (12/77)Counting objects:  16% (13/77)Counting objects:  18% (14/77)Counting objects:  19% (15/77)Counting objects:  20% (16/77)Counting objects:  22% (17/77)Counting objects:  23% (18/77)Counting objects:  24% (19/77)Counting objects:  25% (20/77)Counting objects:  27% (21/77)Counting objects:  28% (22/77)Counting objects:  29% (23/77)Counting objects:  31% (24/77)Counting objects:  32% (25/77)Counting objects:  33% (26/77)Counting objects:  35% (27/77)Counting objects:  36% (28/77)Counting objects:  37% (29/77)Counting objects:  38% (30/77)Counting objects:  40% (31/77)Counting objects:  41% (32/77)Counting objects:  42% (33/77)Counting objects:  44% (34/77)Counting objects:  45% (35/77)Counting objects:  46% (36/77)Counting objects:  48% (37/77)Counting objects:  49% (38/77)Counting objects:  50% (39/77)Counting objects:  51% (40/77)Counting objects:  53% (41/77)Counting objects:  54% (42/77)Counting objects:  55% (43/77)Counting objects:  57% (44/77)Counting objects:  58% (45/77)Counting objects:  59% (46/77)Counting objects:  61% (47/77)Counting objects:  62% (48/77)Counting objects:  63% (49/77)Counting objects:  64% (50/77)Counting objects:  66% (51/77)Counting objects:  67% (52/77)Counting objects:  68% (53/77)Counting objects:  70% (54/77)Counting objects:  71% (55/77)Counting objects:  72% (56/77)Counting objects:  74% (57/77)Counting objects:  75% (58/77)Counting objects:  76% (59/77)Counting objects:  77% (60/77)Counting objects:  79% (61/77)Counting objects:  80% (62/77)Counting objects:  81% (63/77)Counting objects:  83% (64/77)Counting objects:  84% (65/77)Counting objects:  85% (66/77)Counting objects:  87% (67/77)Counting objects:  88% (68/77)Counting objects:  89% (69/77)Counting objects:  90% (70/77)Counting objects:  92% (71/77)Counting objects:  93% (72/77)Counting objects:  94% (73/77)Counting objects:  96% (74/77)Counting objects:  97% (75/77)Counting objects:  98% (76/77)Counting objects: 100% (77/77)Counting objects: 100% (77/77), done.
Delta compression using up to 8 threads
Compressing objects:   1% (1/68)Compressing objects:   2% (2/68)Compressing objects:   4% (3/68)Compressing objects:   5% (4/68)Compressing objects:   7% (5/68)Compressing objects:   8% (6/68)Compressing objects:  10% (7/68)Compressing objects:  11% (8/68)Compressing objects:  13% (9/68)Compressing objects:  14% (10/68)Compressing objects:  16% (11/68)Compressing objects:  17% (12/68)Compressing objects:  19% (13/68)Compressing objects:  20% (14/68)Compressing objects:  22% (15/68)Compressing objects:  23% (16/68)Compressing objects:  25% (17/68)Compressing objects:  26% (18/68)Compressing objects:  27% (19/68)Compressing objects:  29% (20/68)Compressing objects:  30% (21/68)Compressing objects:  32% (22/68)Compressing objects:  33% (23/68)Compressing objects:  35% (24/68)Compressing objects:  36% (25/68)Compressing objects:  38% (26/68)Compressing objects:  39% (27/68)Compressing objects:  41% (28/68)Compressing objects:  42% (29/68)Compressing objects:  44% (30/68)Compressing objects:  45% (31/68)Compressing objects:  47% (32/68)Compressing objects:  48% (33/68)Compressing objects:  50% (34/68)Compressing objects:  51% (35/68)Compressing objects:  52% (36/68)Compressing objects:  54% (37/68)Compressing objects:  55% (38/68)Compressing objects:  57% (39/68)Compressing objects:  58% (40/68)Compressing objects:  60% (41/68)Compressing objects:  61% (42/68)Compressing objects:  63% (43/68)Compressing objects:  64% (44/68)Compressing objects:  66% (45/68)Compressing objects:  67% (46/68)Compressing objects:  69% (47/68)Compressing objects:  70% (48/68)Compressing objects:  72% (49/68)Compressing objects:  73% (50/68)Compressing objects:  75% (51/68)Compressing objects:  76% (52/68)Compressing objects:  77% (53/68)Compressing objects:  79% (54/68)Compressing objects:  80% (55/68)Compressing objects:  82% (56/68)Compressing objects:  83% (57/68)Compressing objects:  85% (58/68)Compressing objects:  86% (59/68)Compressing objects:  88% (60/68)Compressing objects:  89% (61/68)Compressing objects:  91% (62/68)Compressing objects:  92% (63/68)Compressing objects:  94% (64/68)Compressing objects:  95% (65/68)Compressing objects:  97% (66/68)Compressing objects:  98% (67/68)Compressing objects: 100% (68/68)Compressing objects: 100% (68/68), done.
Writing objects:   1% (1/77)Writing objects:   2% (2/77)Writing objects:   3% (3/77)Writing objects:   5% (4/77)Writing objects:   6% (5/77)Writing objects:   7% (6/77)Writing objects:   9% (7/77)Writing objects:  10% (8/77)Writing objects:  11% (9/77)Writing objects:  12% (10/77)Writing objects:  14% (11/77)Writing objects:  16% (13/77)Writing objects:  18% (14/77)Writing objects:  19% (15/77)Writing objects:  20% (16/77)Writing objects:  22% (17/77)Writing objects:  23% (18/77)Writing objects:  24% (19/77)Writing objects:  25% (20/77)Writing objects:  27% (21/77)Writing objects:  28% (22/77)Writing objects:  29% (23/77)Writing objects:  31% (24/77)Writing objects:  32% (25/77)Writing objects:  33% (26/77)Writing objects:  35% (27/77)Writing objects:  36% (28/77)Writing objects:  37% (29/77)Writing objects:  38% (30/77)Writing objects:  40% (31/77)Writing objects:  41% (32/77)Writing objects:  42% (33/77)Writing objects:  44% (34/77)Writing objects:  45% (35/77)Writing objects:  46% (36/77)Writing objects:  48% (37/77)Writing objects:  50% (39/77)Writing objects:  51% (40/77)Writing objects:  53% (41/77)Writing objects:  54% (42/77)Writing objects:  55% (43/77)Writing objects:  57% (44/77)Writing objects:  58% (45/77)Writing objects:  59% (46/77)Writing objects:  61% (47/77)Writing objects:  62% (48/77)Writing objects:  63% (49/77)Writing objects:  64% (50/77)Writing objects:  66% (51/77)Writing objects:  67% (52/77)Writing objects:  68% (53/77)Writing objects:  70% (54/77)Writing objects:  71% (55/77)Writing objects:  72% (56/77)Writing objects:  74% (57/77)Writing objects:  75% (58/77)Writing objects:  76% (59/77)Writing objects:  77% (60/77)Writing objects:  79% (61/77)Writing objects:  80% (62/77)Writing objects:  81% (63/77)Writing objects:  83% (64/77)Writing objects:  84% (65/77)Writing objects:  85% (66/77)Writing objects:  87% (67/77)Writing objects:  88% (68/77)Writing objects:  89% (69/77)Writing objects:  90% (70/77)Writing objects:  92% (71/77)Writing objects:  93% (72/77)Writing objects:  94% (73/77)Writing objects:  96% (74/77)Writing objects:  97% (75/77)Writing objects:  98% (76/77)Writing objects: 100% (77/77)Writing objects: 100% (77/77), 256.92 KiB | 2.23 MiB/s, done.
Total 77 (delta 12), reused 0 (delta 0)
remote: Resolving deltas:   0% (0/12)[Kremote: Resolving deltas:  16% (2/12)[Kremote: Resolving deltas:  41% (5/12)[Kremote: Resolving deltas:  91% (11/12)[Kremote: Resolving deltas: 100% (12/12)[Kremote: Resolving deltas: 100% (12/12), done.[K
To https://github.com/pbpayal/memoirs_of_bioinformatician.git
 * [new branch]      main -> main
Branch 'main' set up to track remote branch 'main' from 'origin'.
]0;~/Documents/Payal_Scripts/R/Payal_Blog(base) 71rrw33:Payal_Blog pbanerjee$ git push -u origin mainremote add origin https://github.com/pbpayal/memoirs_of_bioinformatician.git[C[C[C[C[C[C[C[C[C[C[C[C[C[C[C[C[C[C[C[C[C[C[C[C[C[C[C[C[C[C[C[C[C[C[C[C[C[C[C[C[Cpush -u origin main[Kremote add origin https://github.com/pbpayal/memoirs_of_bioinformatician.git[C[C[C[C[C[C[C[C[C[C[C[C[C[C[C[C[C[C[C[C[C[C[C[C[C[C[C[C[C[C[C[C[C[C[C[C[C[C[C[C[Cpush -u origin main[K[5Pbranch -M[C[C[C[C[C[5@push -u origin[C[C[C[C[C
Branch 'main' set up to track remote branch 'main' from 'origin'.
Everything up-to-date
]0;~/Documents/Payal_Scripts/R/Payal_Blog(base) 71rrw33:Payal_Blog pbanerjee$ gt[Kit status
On branch main
Your branch is up to date with 'origin/main'.

Changes not staged for commit:
  (use "git add <file>..." to update what will be committed)
  (use "git restore <file>..." to discard changes in working directory)
	[31mmodified:   .Rproj.user/3A2820DD/sources/prop/60E74976[m
	[31mmodified:   .Rproj.user/3A2820DD/sources/prop/9143E61E[m
	[31mmodified:   .Rproj.user/3A2820DD/sources/prop/A5AE6CA1[m
	[31mmodified:   .Rproj.user/3A2820DD/sources/prop/INDEX[m
	[31mmodified:   .Rproj.user/3A2820DD/sources/s-4E9DC893/316E6119[m
	[31mmodified:   .Rproj.user/3A2820DD/sources/s-4E9DC893/316E6119-contents[m
	[31mmodified:   .Rproj.user/3A2820DD/sources/s-4E9DC893/5B0F72BB[m
	[31mmodified:   .Rproj.user/3A2820DD/sources/s-4E9DC893/5B0F72BB-contents[m
	[31mmodified:   .Rproj.user/3A2820DD/sources/s-4E9DC893/5F4BB4DD[m
	[31mmodified:   .Rproj.user/3A2820DD/sources/s-4E9DC893/5F4BB4DD-contents[m
	[31mmodified:   .Rproj.user/shared/notebooks/paths[m
	[31mmodified:   index.Rmd[m

Untracked files:
  (use "git add <file>..." to include in what will be committed)
	[31m.Rproj.user/3A2820DD/console06/[m
	[31m.Rproj.user/3A2820DD/sources/prop/393F68B4[m
	[31m.Rproj.user/3A2820DD/sources/prop/DD2100DE[m
	[31m.Rproj.user/3A2820DD/sources/prop/F2E823DA[m
	[31m.Rproj.user/3A2820DD/sources/s-4E9DC893/1C4EB6F8-contents[m
	[31m.Rproj.user/3A2820DD/sources/s-4E9DC893/5A982B07-contents[m
	[31m.Rproj.user/3A2820DD/sources/s-4E9DC893/BE341C85[m
	[31m.Rproj.user/3A2820DD/sources/s-4E9DC893/BE341C85-contents[m
	[31m.Rproj.user/3A2820DD/sources/s-4E9DC893/E2F300A-contents[m
	[31m.Rproj.user/shared/notebooks/97B699FD-index/[m
	[31m_bookdown_files/[m
	[31mpackages.bib[m

no changes added to commit (use "git add" and/or "git commit -a")
]0;~/Documents/Payal_Scripts/R/Payal_Blog(base) 71rrw33:Payal_Blog pbanerjee$ git ass[K[Kdd index.Rmd 
]0;~/Documents/Payal_Scripts/R/Payal_Blog(base) 71rrw33:Payal_Blog pbanerjee$ git commiy[Kt -m ""E"d"i"t"e"d" "t"h"e" "i"n"d"e"x"."m"d" "p"a"g"e" "t"o" "m"y" "i"n"t"r"o"d"u"c"t"i"o"n" "p"a"h"[1P"g"e"
[main e5db0d3] Edited the index.md page to my introduction page
 1 file changed, 48 insertions(+), 34 deletions(-)
 rewrite index.Rmd (85%)
]0;~/Documents/Payal_Scripts/R/Payal_Blog(base) 71rrw33:Payal_Blog pbanerjee$ git push 
Enumerating objects: 5, done.
Counting objects:  20% (1/5)Counting objects:  40% (2/5)Counting objects:  60% (3/5)Counting objects:  80% (4/5)Counting objects: 100% (5/5)Counting objects: 100% (5/5), done.
Delta compression using up to 8 threads
Compressing objects:  33% (1/3)Compressing objects:  66% (2/3)Compressing objects: 100% (3/3)Compressing objects: 100% (3/3), done.
Writing objects:  33% (1/3)Writing objects:  66% (2/3)Writing objects: 100% (3/3)Writing objects: 100% (3/3), 1.60 KiB | 1.60 MiB/s, done.
Total 3 (delta 1), reused 0 (delta 0)
remote: Resolving deltas:   0% (0/1)[Kremote: Resolving deltas: 100% (1/1)[Kremote: Resolving deltas: 100% (1/1), completed with 1 local object.[K
To https://github.com/pbpayal/memoirs_of_bioinformatician.git
   5ff3b95..e5db0d3  main -> main
]0;~/Documents/Payal_Scripts/R/Payal_Blog(base) 71rrw33:Payal_Blog pbanerjee$ pwd
/Users/pbanerjee/Documents/Payal_Scripts/R/Payal_Blog
]0;~/Documents/Payal_Scripts/R/Payal_Blog(base) 71rrw33:Payal_Blog pbanerjee$ ls -lh
total 120
-rw-r--r--   1 pbanerjee  staff    52B Dec  9 12:54 02-literature.Rmd
-rw-r--r--   1 pbanerjee  staff    52B Dec  9 12:54 03-method.Rmd
-rw-r--r--   1 pbanerjee  staff   114B Dec  9 12:54 04-application.Rmd
-rw-r--r--   1 pbanerjee  staff    45B Dec  9 12:54 05-summary.Rmd
-rw-r--r--   1 pbanerjee  staff    54B Dec  9 12:54 06-references.Rmd
-rw-r--r--   1 pbanerjee  staff   225B Dec  9 12:54 Payal_Blog.Rproj
-rw-r--r--   1 pbanerjee  staff   215B Dec  9 12:54 README.md
-rw-r--r--   1 pbanerjee  staff   1.1K Dec  9 15:18 RNA-seq_FDA_becnhmark_pipelines.Rmd
-rw-r--r--   1 pbanerjee  staff   117B Dec  9 13:59 _bookdown.yml
drwxr-xr-x   3 pbanerjee  staff    96B Dec  9 15:17 _bookdown_files
-rw-r--r--   1 pbanerjee  staff   307B Dec  9 15:02 _output.yml
-rw-r--r--   1 pbanerjee  staff   267B Dec  9 12:54 book.bib
drwxr-xr-x  14 pbanerjee  staff   448B Dec  9 15:17 docs
-rw-r--r--   1 pbanerjee  staff   2.4K Dec  9 15:04 index.Rmd
-rw-r--r--   1 pbanerjee  staff   2.6K Dec  9 13:35 packages.bib
-rw-r--r--   1 pbanerjee  staff    22B Dec  9 12:54 preamble.tex
-rw-r--r--   1 pbanerjee  staff   172B Dec  9 12:54 style.css
]0;~/Documents/Payal_Scripts/R/Payal_Blog(base) 71rrw33:Payal_Blog pbanerjee$ mkdir images
]0;~/Documents/Payal_Scripts/R/Payal_Blog(base) 71rrw33:Payal_Blog pbanerjee$ ls -lh
total 120
-rw-r--r--   1 pbanerjee  staff    52B Dec  9 12:54 02-literature.Rmd
-rw-r--r--   1 pbanerjee  staff    52B Dec  9 12:54 03-method.Rmd
-rw-r--r--   1 pbanerjee  staff   114B Dec  9 12:54 04-application.Rmd
-rw-r--r--   1 pbanerjee  staff    45B Dec  9 12:54 05-summary.Rmd
-rw-r--r--   1 pbanerjee  staff    54B Dec  9 12:54 06-references.Rmd
-rw-r--r--   1 pbanerjee  staff   225B Dec  9 12:54 Payal_Blog.Rproj
-rw-r--r--   1 pbanerjee  staff   215B Dec  9 12:54 README.md
-rw-r--r--   1 pbanerjee  staff   1.1K Dec  9 15:18 RNA-seq_FDA_becnhmark_pipelines.Rmd
-rw-r--r--   1 pbanerjee  staff   117B Dec  9 13:59 _bookdown.yml
drwxr-xr-x   3 pbanerjee  staff    96B Dec  9 15:17 _bookdown_files
-rw-r--r--   1 pbanerjee  staff   307B Dec  9 15:02 _output.yml
-rw-r--r--   1 pbanerjee  staff   267B Dec  9 12:54 book.bib
drwxr-xr-x  14 pbanerjee  staff   448B Dec  9 15:17 docs
drwxr-xr-x   2 pbanerjee  staff    64B Dec  9 15:21 images
-rw-r--r--   1 pbanerjee  staff   2.4K Dec  9 15:04 index.Rmd
-rw-r--r--   1 pbanerjee  staff   2.6K Dec  9 13:35 packages.bib
-rw-r--r--   1 pbanerjee  staff    22B Dec  9 12:54 preamble.tex
-rw-r--r--   1 pbanerjee  staff   172B Dec  9 12:54 style.css
]0;~/Documents/Payal_Scripts/R/Payal_Blog(base) 71rrw33:Payal_Blog pbanerjee$ cd images
]0;~/Documents/Payal_Scripts/R/Payal_Blog/images(base) 71rrw33:images pbanerjee$ ls
rna1.png	rna2.png
]0;~/Documents/Payal_Scripts/R/Payal_Blog/images(base) 71rrw33:images pbanerjee$ git status
On branch main
Your branch is up to date with 'origin/main'.

Changes not staged for commit:
  (use "git add/rm <file>..." to update what will be committed)
  (use "git restore <file>..." to discard changes in working directory)
	[31mmodified:   ../.Rproj.user/3A2820DD/sources/prop/60E74976[m
	[31mmodified:   ../.Rproj.user/3A2820DD/sources/prop/9143E61E[m
	[31mmodified:   ../.Rproj.user/3A2820DD/sources/prop/A5AE6CA1[m
	[31mmodified:   ../.Rproj.user/3A2820DD/sources/prop/INDEX[m
	[31mmodified:   ../.Rproj.user/3A2820DD/sources/s-4E9DC893/316E6119[m
	[31mmodified:   ../.Rproj.user/3A2820DD/sources/s-4E9DC893/316E6119-contents[m
	[31mmodified:   ../.Rproj.user/3A2820DD/sources/s-4E9DC893/5B0F72BB[m
	[31mmodified:   ../.Rproj.user/3A2820DD/sources/s-4E9DC893/5B0F72BB-contents[m
	[31mmodified:   ../.Rproj.user/3A2820DD/sources/s-4E9DC893/5F4BB4DD[m
	[31mmodified:   ../.Rproj.user/3A2820DD/sources/s-4E9DC893/5F4BB4DD-contents[m
	[31mmodified:   ../.Rproj.user/shared/notebooks/paths[m
	[31mdeleted:    ../01-intro.Rmd[m
	[31mmodified:   ../_output.yml[m
	[31mmodified:   ../docs/applications.html[m
	[31mmodified:   ../docs/final-words.html[m
	[31mmodified:   ../docs/index.html[m
	[31mmodified:   ../docs/intro.html[m
	[31mmodified:   ../docs/literature.html[m
	[31mmodified:   ../docs/methods.html[m
	[31mmodified:   ../docs/reference-keys.txt[m
	[31mmodified:   ../docs/references.html[m
	[31mmodified:   ../docs/search_index.json[m
	[31mmodified:   ../index.Rmd[m

Untracked files:
  (use "git add <file>..." to include in what will be committed)
	[31m../.DS_Store[m
	[31m../.Rproj.user/3A2820DD/console06/[m
	[31m../.Rproj.user/3A2820DD/sources/prop/2A5FCB6[m
	[31m../.Rproj.user/3A2820DD/sources/prop/393F68B4[m
	[31m../.Rproj.user/3A2820DD/sources/prop/3CA15088[m
	[31m../.Rproj.user/3A2820DD/sources/prop/8F9EB2B6[m
	[31m../.Rproj.user/3A2820DD/sources/prop/DD2100DE[m
	[31m../.Rproj.user/3A2820DD/sources/prop/F2E823DA[m
	[31m../.Rproj.user/3A2820DD/sources/s-4E9DC893/16BBAC62-contents[m
	[31m../.Rproj.user/3A2820DD/sources/s-4E9DC893/1C4EB6F8-contents[m
	[31m../.Rproj.user/3A2820DD/sources/s-4E9DC893/5A982B07-contents[m
	[31m../.Rproj.user/3A2820DD/sources/s-4E9DC893/BE341C85[m
	[31m../.Rproj.user/3A2820DD/sources/s-4E9DC893/BE341C85-contents[m
	[31m../.Rproj.user/3A2820DD/sources/s-4E9DC893/E2F300A-contents[m
	[31m../.Rproj.user/shared/notebooks/97B699FD-index/[m
	[31m../.Rproj.user/shared/notebooks/F2BD9602-RNA-seq_FDA_becnhmark_pipelines/[m
	[31m../RNA-seq_FDA_becnhmark_pipelines.Rmd[m
	[31m../_bookdown_files/[m
	[31m../docs/images/[m
	[31m../docs/rna-fda.html[m
	[31m./[m
	[31m../packages.bib[m

no changes added to commit (use "git add" and/or "git commit -a")
]0;~/Documents/Payal_Scripts/R/Payal_Blog/images(base) 71rrw33:images pbanerjee$ git commi [Kt -a
hint: Waiting for your editor to close the file... [KAborting commit due to empty commit message.
]0;~/Documents/Payal_Scripts/R/Payal_Blog/images(base) 71rrw33:images pbanerjee$ git commit -a[1P -a[1P -a[1P -a[1P -a[1P -a[1P -aa -ad -ad -a
error: unknown switch `a'
usage: git add [<options>] [--] <pathspec>...

    -n, --dry-run         dry run
    -v, --verbose         be verbose

    -i, --interactive     interactive picking
    -p, --patch           select hunks interactively
    -e, --edit            edit current diff and apply
    -f, --force           allow adding otherwise ignored files
    -u, --update          update tracked files
    --renormalize         renormalize EOL of tracked files (implies -u)
    -N, --intent-to-add   record only the fact that the path will be added later
    -A, --all             add changes from all tracked and untracked files
    --ignore-removal      ignore paths removed in the working tree (same as --no-all)
    --refresh             don't add, only refresh the index
    --ignore-errors       just skip files which cannot be added because of errors
    --ignore-missing      check if - even missing - files are ignored in dry run
    --chmod (+|-)x        override the executable bit of the listed files

]0;~/Documents/Payal_Scripts/R/Payal_Blog/images(base) 71rrw33:images pbanerjee$ git add -A
